[2026-05-04T06:11:39.654+0000] {taskinstance.py:1157} INFO - Dependencies all met for dep_context=non-requeueable deps ti=<TaskInstance: backfill_retail_pipeline.check_agg_count manual__2026-05-04T04:54:24+00:00 [queued]>
[2026-05-04T06:11:39.657+0000] {taskinstance.py:1157} INFO - Dependencies all met for dep_context=requeueable deps ti=<TaskInstance: backfill_retail_pipeline.check_agg_count manual__2026-05-04T04:54:24+00:00 [queued]>
[2026-05-04T06:11:39.657+0000] {taskinstance.py:1359} INFO - Starting attempt 1 of 2
[2026-05-04T06:11:39.661+0000] {taskinstance.py:1380} INFO - Executing <Task(BashOperator): check_agg_count> on 2026-05-04 04:54:24+00:00
[2026-05-04T06:11:39.663+0000] {standard_task_runner.py:57} INFO - Started process 6630 to run task
[2026-05-04T06:11:39.665+0000] {standard_task_runner.py:84} INFO - Running: ['airflow', 'tasks', 'run', 'backfill_retail_pipeline', 'check_agg_count', 'manual__2026-05-04T04:54:24+00:00', '--job-id', '964', '--raw', '--subdir', 'DAGS_FOLDER/backfill_retail_pipeline.py', '--cfg-path', '/tmp/tmp7lqttgsz']
[2026-05-04T06:11:39.666+0000] {standard_task_runner.py:85} INFO - Job 964: Subtask check_agg_count
[2026-05-04T06:11:39.694+0000] {task_command.py:415} INFO - Running <TaskInstance: backfill_retail_pipeline.check_agg_count manual__2026-05-04T04:54:24+00:00 [running]> on host c559f315799e
[2026-05-04T06:11:39.732+0000] {taskinstance.py:1660} INFO - Exporting env vars: AIRFLOW_CTX_DAG_OWNER='sorae' AIRFLOW_CTX_DAG_ID='backfill_retail_pipeline' AIRFLOW_CTX_TASK_ID='check_agg_count' AIRFLOW_CTX_EXECUTION_DATE='2026-05-04T04:54:24+00:00' AIRFLOW_CTX_TRY_NUMBER='1' AIRFLOW_CTX_DAG_RUN_ID='manual__2026-05-04T04:54:24+00:00'
[2026-05-04T06:11:39.734+0000] {subprocess.py:63} INFO - Tmp dir root location: /tmp
[2026-05-04T06:11:39.736+0000] {subprocess.py:75} INFO - Running command: ['/bin/bash', '-c', '\ndocker exec *** psql -U *** -d retail_pipeline -c "\nSELECT \'2025-12-01 00:00:00\' AS order_date, table_name, row_count\nFROM (               \n    SELECT \'dim_customer\' AS table_name, COUNT(*) AS row_count\n    FROM dim_customer\n\n    UNION ALL\n\n    SELECT \'dim_product\' AS table_name, COUNT(*) AS row_count\n    FROM dim_product\n\n    UNION ALL\n\n    SELECT \'mart_daily_orders\' AS table_name, COUNT(*) AS row_count\n    FROM mart_daily_orders\n    WHERE order_date >= \'2025-12-01\'\n    AND order_date <  \'2025-12-31\'\n\n    UNION ALL\n\n    SELECT \'mart_product_sales\' AS table_name, COUNT(*) AS row_count\n    FROM mart_product_sales\n    WHERE order_date >= \'2025-12-01\'\n    AND order_date <  \'2025-12-31\'\n\n    UNION ALL\n\n    SELECT \'mart_customer_repeat\' AS table_name, COUNT(*) AS row_count\n    FROM mart_customer_repeat\n    WHERE order_date >= \'2025-12-01\'\n    AND order_date <  \'2025-12-31\'\n) AS counts;\n"']
[2026-05-04T06:11:39.743+0000] {subprocess.py:86} INFO - Output:
[2026-05-04T06:11:39.869+0000] {subprocess.py:93} INFO -      order_date      |      table_name      | row_count
[2026-05-04T06:11:39.870+0000] {subprocess.py:93} INFO - ---------------------+----------------------+-----------
[2026-05-04T06:11:39.870+0000] {subprocess.py:93} INFO -  2025-12-01 00:00:00 | dim_customer         |      4831
[2026-05-04T06:11:39.870+0000] {subprocess.py:93} INFO -  2025-12-01 00:00:00 | dim_product          |      5625
[2026-05-04T06:11:39.870+0000] {subprocess.py:93} INFO -  2025-12-01 00:00:00 | mart_daily_orders    |        20
[2026-05-04T06:11:39.871+0000] {subprocess.py:93} INFO -  2025-12-01 00:00:00 | mart_product_sales   |     20139
[2026-05-04T06:11:39.871+0000] {subprocess.py:93} INFO -  2025-12-01 00:00:00 | mart_customer_repeat |        20
[2026-05-04T06:11:39.871+0000] {subprocess.py:93} INFO - (5 rows)
[2026-05-04T06:11:39.871+0000] {subprocess.py:93} INFO - 
[2026-05-04T06:11:39.873+0000] {subprocess.py:97} INFO - Command exited with return code 0
[2026-05-04T06:11:39.884+0000] {taskinstance.py:1398} INFO - Marking task as SUCCESS. dag_id=backfill_retail_pipeline, task_id=check_agg_count, execution_date=20260504T045424, start_date=20260504T061139, end_date=20260504T061139
[2026-05-04T06:11:39.926+0000] {local_task_job_runner.py:228} INFO - Task exited with return code 0
[2026-05-04T06:11:39.933+0000] {taskinstance.py:2776} INFO - 0 downstream tasks scheduled from follow-on schedule check
