[2026-05-04T06:20:28.348+0000] {taskinstance.py:1157} INFO - Dependencies all met for dep_context=non-requeueable deps ti=<TaskInstance: backfill_retail_pipeline.build_dim manual__2026-05-04T06:20:19+00:00 [queued]>
[2026-05-04T06:20:28.351+0000] {taskinstance.py:1157} INFO - Dependencies all met for dep_context=requeueable deps ti=<TaskInstance: backfill_retail_pipeline.build_dim manual__2026-05-04T06:20:19+00:00 [queued]>
[2026-05-04T06:20:28.351+0000] {taskinstance.py:1359} INFO - Starting attempt 1 of 2
[2026-05-04T06:20:28.354+0000] {taskinstance.py:1380} INFO - Executing <Task(BashOperator): build_dim> on 2026-05-04 06:20:19+00:00
[2026-05-04T06:20:28.356+0000] {standard_task_runner.py:57} INFO - Started process 6957 to run task
[2026-05-04T06:20:28.358+0000] {standard_task_runner.py:84} INFO - Running: ['airflow', 'tasks', 'run', 'backfill_retail_pipeline', 'build_dim', 'manual__2026-05-04T06:20:19+00:00', '--job-id', '970', '--raw', '--subdir', 'DAGS_FOLDER/backfill_retail_pipeline.py', '--cfg-path', '/tmp/tmpogeg81ik']
[2026-05-04T06:20:28.359+0000] {standard_task_runner.py:85} INFO - Job 970: Subtask build_dim
[2026-05-04T06:20:28.379+0000] {task_command.py:415} INFO - Running <TaskInstance: backfill_retail_pipeline.build_dim manual__2026-05-04T06:20:19+00:00 [running]> on host c559f315799e
[2026-05-04T06:20:28.411+0000] {taskinstance.py:1660} INFO - Exporting env vars: AIRFLOW_CTX_DAG_OWNER='sorae' AIRFLOW_CTX_DAG_ID='backfill_retail_pipeline' AIRFLOW_CTX_TASK_ID='build_dim' AIRFLOW_CTX_EXECUTION_DATE='2026-05-04T06:20:19+00:00' AIRFLOW_CTX_TRY_NUMBER='1' AIRFLOW_CTX_DAG_RUN_ID='manual__2026-05-04T06:20:19+00:00'
[2026-05-04T06:20:28.412+0000] {subprocess.py:63} INFO - Tmp dir root location: /tmp
[2026-05-04T06:20:28.412+0000] {subprocess.py:75} INFO - Running command: ['/bin/bash', '-c', '\n            docker exec spark-master bash -lc \'\n            /opt/bitnami/spark/bin/spark-submit                 --master spark://spark-master:7077                 --deploy-mode client                 --executor-cores 1                 --executor-memory 1g                 --total-executor-cores 1                 --jars /opt/spark-jars/***ql-42.7.3.jar                 --driver-class-path /opt/spark-jars/***ql-42.7.3.jar                 /opt/spark-apps/build_dim.py                 --start "2025-12-24 00:00:00"                 --end "2025-12-31 00:00:00"\n            \'\n        ']
[2026-05-04T06:20:28.415+0000] {subprocess.py:86} INFO - Output:
[2026-05-04T06:20:29.180+0000] {subprocess.py:93} INFO - 26/05/04 06:20:29 WARN NativeCodeLoader: Unable to load native-hadoop library for your platform... using builtin-java classes where applicable
[2026-05-04T06:20:29.559+0000] {subprocess.py:93} INFO - 26/05/04 06:20:29 INFO SparkContext: Running Spark version 3.4.1
[2026-05-04T06:20:29.568+0000] {subprocess.py:93} INFO - 26/05/04 06:20:29 INFO ResourceUtils: ==============================================================
[2026-05-04T06:20:29.568+0000] {subprocess.py:93} INFO - 26/05/04 06:20:29 INFO ResourceUtils: No custom resources configured for spark.driver.
[2026-05-04T06:20:29.569+0000] {subprocess.py:93} INFO - 26/05/04 06:20:29 INFO ResourceUtils: ==============================================================
[2026-05-04T06:20:29.569+0000] {subprocess.py:93} INFO - 26/05/04 06:20:29 INFO SparkContext: Submitted application: build_dim
[2026-05-04T06:20:29.575+0000] {subprocess.py:93} INFO - 26/05/04 06:20:29 INFO ResourceProfile: Default ResourceProfile created, executor resources: Map(cores -> name: cores, amount: 1, script: , vendor: , memory -> name: memory, amount: 1024, script: , vendor: , offHeap -> name: offHeap, amount: 0, script: , vendor: ), task resources: Map(cpus -> name: cpus, amount: 1.0)
[2026-05-04T06:20:29.579+0000] {subprocess.py:93} INFO - 26/05/04 06:20:29 INFO ResourceProfile: Limiting resource is cpus at 1 tasks per executor
[2026-05-04T06:20:29.579+0000] {subprocess.py:93} INFO - 26/05/04 06:20:29 INFO ResourceProfileManager: Added ResourceProfile id: 0
[2026-05-04T06:20:29.596+0000] {subprocess.py:93} INFO - 26/05/04 06:20:29 INFO SecurityManager: Changing view acls to: spark
[2026-05-04T06:20:29.597+0000] {subprocess.py:93} INFO - 26/05/04 06:20:29 INFO SecurityManager: Changing modify acls to: spark
[2026-05-04T06:20:29.597+0000] {subprocess.py:93} INFO - 26/05/04 06:20:29 INFO SecurityManager: Changing view acls groups to:
[2026-05-04T06:20:29.597+0000] {subprocess.py:93} INFO - 26/05/04 06:20:29 INFO SecurityManager: Changing modify acls groups to:
[2026-05-04T06:20:29.597+0000] {subprocess.py:93} INFO - 26/05/04 06:20:29 INFO SecurityManager: SecurityManager: authentication disabled; ui acls disabled; users with view permissions: spark; groups with view permissions: EMPTY; users with modify permissions: spark; groups with modify permissions: EMPTY
[2026-05-04T06:20:29.679+0000] {subprocess.py:93} INFO - 26/05/04 06:20:29 INFO Utils: Successfully started service 'sparkDriver' on port 43441.
[2026-05-04T06:20:29.689+0000] {subprocess.py:93} INFO - 26/05/04 06:20:29 INFO SparkEnv: Registering MapOutputTracker
[2026-05-04T06:20:29.700+0000] {subprocess.py:93} INFO - 26/05/04 06:20:29 INFO SparkEnv: Registering BlockManagerMaster
[2026-05-04T06:20:29.705+0000] {subprocess.py:93} INFO - 26/05/04 06:20:29 INFO BlockManagerMasterEndpoint: Using org.apache.spark.storage.DefaultTopologyMapper for getting topology information
[2026-05-04T06:20:29.706+0000] {subprocess.py:93} INFO - 26/05/04 06:20:29 INFO BlockManagerMasterEndpoint: BlockManagerMasterEndpoint up
[2026-05-04T06:20:29.707+0000] {subprocess.py:93} INFO - 26/05/04 06:20:29 INFO SparkEnv: Registering BlockManagerMasterHeartbeat
[2026-05-04T06:20:29.714+0000] {subprocess.py:93} INFO - 26/05/04 06:20:29 INFO DiskBlockManager: Created local directory at /tmp/blockmgr-6118c406-9255-4e65-beda-6e76ed4c870b
[2026-05-04T06:20:29.720+0000] {subprocess.py:93} INFO - 26/05/04 06:20:29 INFO MemoryStore: MemoryStore started with capacity 434.4 MiB
[2026-05-04T06:20:29.724+0000] {subprocess.py:93} INFO - 26/05/04 06:20:29 INFO SparkEnv: Registering OutputCommitCoordinator
[2026-05-04T06:20:29.770+0000] {subprocess.py:93} INFO - 26/05/04 06:20:29 INFO JettyUtils: Start Jetty 0.0.0.0:4040 for SparkUI
[2026-05-04T06:20:29.791+0000] {subprocess.py:93} INFO - 26/05/04 06:20:29 INFO Utils: Successfully started service 'SparkUI' on port 4040.
[2026-05-04T06:20:29.804+0000] {subprocess.py:93} INFO - 26/05/04 06:20:29 INFO SparkContext: Added JAR file:///opt/spark-jars/***ql-42.7.3.jar at spark://c1e8499a63e2:43441/jars/***ql-42.7.3.jar with timestamp 1777875629556
[2026-05-04T06:20:29.831+0000] {subprocess.py:93} INFO - 26/05/04 06:20:29 INFO StandaloneAppClient$ClientEndpoint: Connecting to master spark://spark-master:7077...
[2026-05-04T06:20:29.852+0000] {subprocess.py:93} INFO - 26/05/04 06:20:29 INFO TransportClientFactory: Successfully created connection to spark-master/172.18.0.4:7077 after 8 ms (0 ms spent in bootstraps)
[2026-05-04T06:20:29.900+0000] {subprocess.py:93} INFO - 26/05/04 06:20:29 INFO StandaloneSchedulerBackend: Connected to Spark cluster with app ID app-20260504062029-0007
[2026-05-04T06:20:29.901+0000] {subprocess.py:93} INFO - 26/05/04 06:20:29 INFO StandaloneAppClient$ClientEndpoint: Executor added: app-20260504062029-0007/0 on worker-20260504020915-172.18.0.7-41333 (172.18.0.7:41333) with 1 core(s)
[2026-05-04T06:20:29.902+0000] {subprocess.py:93} INFO - 26/05/04 06:20:29 INFO StandaloneSchedulerBackend: Granted executor ID app-20260504062029-0007/0 on hostPort 172.18.0.7:41333 with 1 core(s), 1024.0 MiB RAM
[2026-05-04T06:20:29.903+0000] {subprocess.py:93} INFO - 26/05/04 06:20:29 INFO Utils: Successfully started service 'org.apache.spark.network.netty.NettyBlockTransferService' on port 40177.
[2026-05-04T06:20:29.903+0000] {subprocess.py:93} INFO - 26/05/04 06:20:29 INFO NettyBlockTransferService: Server created on c1e8499a63e2:40177
[2026-05-04T06:20:29.904+0000] {subprocess.py:93} INFO - 26/05/04 06:20:29 INFO BlockManager: Using org.apache.spark.storage.RandomBlockReplicationPolicy for block replication policy
[2026-05-04T06:20:29.910+0000] {subprocess.py:93} INFO - 26/05/04 06:20:29 INFO BlockManagerMaster: Registering BlockManager BlockManagerId(driver, c1e8499a63e2, 40177, None)
[2026-05-04T06:20:29.914+0000] {subprocess.py:93} INFO - 26/05/04 06:20:29 INFO BlockManagerMasterEndpoint: Registering block manager c1e8499a63e2:40177 with 434.4 MiB RAM, BlockManagerId(driver, c1e8499a63e2, 40177, None)
[2026-05-04T06:20:29.915+0000] {subprocess.py:93} INFO - 26/05/04 06:20:29 INFO BlockManagerMaster: Registered BlockManager BlockManagerId(driver, c1e8499a63e2, 40177, None)
[2026-05-04T06:20:29.916+0000] {subprocess.py:93} INFO - 26/05/04 06:20:29 INFO BlockManager: Initialized BlockManager: BlockManagerId(driver, c1e8499a63e2, 40177, None)
[2026-05-04T06:20:29.973+0000] {subprocess.py:93} INFO - 26/05/04 06:20:29 INFO StandaloneAppClient$ClientEndpoint: Executor updated: app-20260504062029-0007/0 is now RUNNING
[2026-05-04T06:20:30.020+0000] {subprocess.py:93} INFO - 26/05/04 06:20:30 INFO StandaloneSchedulerBackend: SchedulerBackend is ready for scheduling beginning after reached minRegisteredResourcesRatio: 0.0
[2026-05-04T06:20:33.980+0000] {subprocess.py:93} INFO - dim_customer, dim_product 생성 완료
[2026-05-04T06:20:34.069+0000] {subprocess.py:97} INFO - Command exited with return code 0
[2026-05-04T06:20:34.087+0000] {taskinstance.py:1398} INFO - Marking task as SUCCESS. dag_id=backfill_retail_pipeline, task_id=build_dim, execution_date=20260504T062019, start_date=20260504T062028, end_date=20260504T062034
[2026-05-04T06:20:34.117+0000] {local_task_job_runner.py:228} INFO - Task exited with return code 0
[2026-05-04T06:20:34.130+0000] {taskinstance.py:2776} INFO - 1 downstream tasks scheduled from follow-on schedule check
