[2026-05-04T06:20:35.239+0000] {taskinstance.py:1157} INFO - Dependencies all met for dep_context=non-requeueable deps ti=<TaskInstance: backfill_retail_pipeline.build_mart manual__2026-05-04T06:20:19+00:00 [queued]>
[2026-05-04T06:20:35.242+0000] {taskinstance.py:1157} INFO - Dependencies all met for dep_context=requeueable deps ti=<TaskInstance: backfill_retail_pipeline.build_mart manual__2026-05-04T06:20:19+00:00 [queued]>
[2026-05-04T06:20:35.242+0000] {taskinstance.py:1359} INFO - Starting attempt 1 of 2
[2026-05-04T06:20:35.246+0000] {taskinstance.py:1380} INFO - Executing <Task(BashOperator): build_mart> on 2026-05-04 06:20:19+00:00
[2026-05-04T06:20:35.248+0000] {standard_task_runner.py:57} INFO - Started process 6980 to run task
[2026-05-04T06:20:35.249+0000] {standard_task_runner.py:84} INFO - Running: ['airflow', 'tasks', 'run', 'backfill_retail_pipeline', 'build_mart', 'manual__2026-05-04T06:20:19+00:00', '--job-id', '971', '--raw', '--subdir', 'DAGS_FOLDER/backfill_retail_pipeline.py', '--cfg-path', '/tmp/tmpe6bn01er']
[2026-05-04T06:20:35.251+0000] {standard_task_runner.py:85} INFO - Job 971: Subtask build_mart
[2026-05-04T06:20:35.270+0000] {task_command.py:415} INFO - Running <TaskInstance: backfill_retail_pipeline.build_mart manual__2026-05-04T06:20:19+00:00 [running]> on host c559f315799e
[2026-05-04T06:20:35.302+0000] {taskinstance.py:1660} INFO - Exporting env vars: AIRFLOW_CTX_DAG_OWNER='sorae' AIRFLOW_CTX_DAG_ID='backfill_retail_pipeline' AIRFLOW_CTX_TASK_ID='build_mart' AIRFLOW_CTX_EXECUTION_DATE='2026-05-04T06:20:19+00:00' AIRFLOW_CTX_TRY_NUMBER='1' AIRFLOW_CTX_DAG_RUN_ID='manual__2026-05-04T06:20:19+00:00'
[2026-05-04T06:20:35.303+0000] {subprocess.py:63} INFO - Tmp dir root location: /tmp
[2026-05-04T06:20:35.303+0000] {subprocess.py:75} INFO - Running command: ['/bin/bash', '-c', '\n            docker exec spark-master bash -lc \'\n            /opt/bitnami/spark/bin/spark-submit                 --master spark://spark-master:7077                 --deploy-mode client                 --executor-cores 1                 --executor-memory 1g                 --total-executor-cores 1                 --jars /opt/spark-jars/***ql-42.7.3.jar                 --driver-class-path /opt/spark-jars/***ql-42.7.3.jar                 /opt/spark-apps/build_mart.py                 --start "2025-12-24 00:00:00"                 --end "2025-12-31 00:00:00"\n            \'\n        ']
[2026-05-04T06:20:35.306+0000] {subprocess.py:86} INFO - Output:
[2026-05-04T06:20:36.055+0000] {subprocess.py:93} INFO - 26/05/04 06:20:36 WARN NativeCodeLoader: Unable to load native-hadoop library for your platform... using builtin-java classes where applicable
[2026-05-04T06:20:36.414+0000] {subprocess.py:93} INFO - 26/05/04 06:20:36 INFO SparkContext: Running Spark version 3.4.1
[2026-05-04T06:20:36.422+0000] {subprocess.py:93} INFO - 26/05/04 06:20:36 INFO ResourceUtils: ==============================================================
[2026-05-04T06:20:36.422+0000] {subprocess.py:93} INFO - 26/05/04 06:20:36 INFO ResourceUtils: No custom resources configured for spark.driver.
[2026-05-04T06:20:36.422+0000] {subprocess.py:93} INFO - 26/05/04 06:20:36 INFO ResourceUtils: ==============================================================
[2026-05-04T06:20:36.423+0000] {subprocess.py:93} INFO - 26/05/04 06:20:36 INFO SparkContext: Submitted application: build_mart
[2026-05-04T06:20:36.429+0000] {subprocess.py:93} INFO - 26/05/04 06:20:36 INFO ResourceProfile: Default ResourceProfile created, executor resources: Map(cores -> name: cores, amount: 1, script: , vendor: , memory -> name: memory, amount: 1024, script: , vendor: , offHeap -> name: offHeap, amount: 0, script: , vendor: ), task resources: Map(cpus -> name: cpus, amount: 1.0)
[2026-05-04T06:20:36.431+0000] {subprocess.py:93} INFO - 26/05/04 06:20:36 INFO ResourceProfile: Limiting resource is cpus at 1 tasks per executor
[2026-05-04T06:20:36.432+0000] {subprocess.py:93} INFO - 26/05/04 06:20:36 INFO ResourceProfileManager: Added ResourceProfile id: 0
[2026-05-04T06:20:36.448+0000] {subprocess.py:93} INFO - 26/05/04 06:20:36 INFO SecurityManager: Changing view acls to: spark
[2026-05-04T06:20:36.449+0000] {subprocess.py:93} INFO - 26/05/04 06:20:36 INFO SecurityManager: Changing modify acls to: spark
[2026-05-04T06:20:36.449+0000] {subprocess.py:93} INFO - 26/05/04 06:20:36 INFO SecurityManager: Changing view acls groups to:
[2026-05-04T06:20:36.449+0000] {subprocess.py:93} INFO - 26/05/04 06:20:36 INFO SecurityManager: Changing modify acls groups to:
[2026-05-04T06:20:36.449+0000] {subprocess.py:93} INFO - 26/05/04 06:20:36 INFO SecurityManager: SecurityManager: authentication disabled; ui acls disabled; users with view permissions: spark; groups with view permissions: EMPTY; users with modify permissions: spark; groups with modify permissions: EMPTY
[2026-05-04T06:20:36.518+0000] {subprocess.py:93} INFO - 26/05/04 06:20:36 INFO Utils: Successfully started service 'sparkDriver' on port 46035.
[2026-05-04T06:20:36.528+0000] {subprocess.py:93} INFO - 26/05/04 06:20:36 INFO SparkEnv: Registering MapOutputTracker
[2026-05-04T06:20:36.540+0000] {subprocess.py:93} INFO - 26/05/04 06:20:36 INFO SparkEnv: Registering BlockManagerMaster
[2026-05-04T06:20:36.546+0000] {subprocess.py:93} INFO - 26/05/04 06:20:36 INFO BlockManagerMasterEndpoint: Using org.apache.spark.storage.DefaultTopologyMapper for getting topology information
[2026-05-04T06:20:36.547+0000] {subprocess.py:93} INFO - 26/05/04 06:20:36 INFO BlockManagerMasterEndpoint: BlockManagerMasterEndpoint up
[2026-05-04T06:20:36.548+0000] {subprocess.py:93} INFO - 26/05/04 06:20:36 INFO SparkEnv: Registering BlockManagerMasterHeartbeat
[2026-05-04T06:20:36.556+0000] {subprocess.py:93} INFO - 26/05/04 06:20:36 INFO DiskBlockManager: Created local directory at /tmp/blockmgr-8ecb6a79-e842-4918-86fa-f9b1f9826aff
[2026-05-04T06:20:36.559+0000] {subprocess.py:93} INFO - 26/05/04 06:20:36 INFO MemoryStore: MemoryStore started with capacity 434.4 MiB
[2026-05-04T06:20:36.564+0000] {subprocess.py:93} INFO - 26/05/04 06:20:36 INFO SparkEnv: Registering OutputCommitCoordinator
[2026-05-04T06:20:36.607+0000] {subprocess.py:93} INFO - 26/05/04 06:20:36 INFO JettyUtils: Start Jetty 0.0.0.0:4040 for SparkUI
[2026-05-04T06:20:36.626+0000] {subprocess.py:93} INFO - 26/05/04 06:20:36 INFO Utils: Successfully started service 'SparkUI' on port 4040.
[2026-05-04T06:20:36.638+0000] {subprocess.py:93} INFO - 26/05/04 06:20:36 INFO SparkContext: Added JAR file:///opt/spark-jars/***ql-42.7.3.jar at spark://c1e8499a63e2:46035/jars/***ql-42.7.3.jar with timestamp 1777875636411
[2026-05-04T06:20:36.667+0000] {subprocess.py:93} INFO - 26/05/04 06:20:36 INFO StandaloneAppClient$ClientEndpoint: Connecting to master spark://spark-master:7077...
[2026-05-04T06:20:36.688+0000] {subprocess.py:93} INFO - 26/05/04 06:20:36 INFO TransportClientFactory: Successfully created connection to spark-master/172.18.0.4:7077 after 12 ms (0 ms spent in bootstraps)
[2026-05-04T06:20:36.724+0000] {subprocess.py:93} INFO - 26/05/04 06:20:36 INFO StandaloneSchedulerBackend: Connected to Spark cluster with app ID app-20260504062036-0008
[2026-05-04T06:20:36.724+0000] {subprocess.py:93} INFO - 26/05/04 06:20:36 INFO StandaloneAppClient$ClientEndpoint: Executor added: app-20260504062036-0008/0 on worker-20260504020915-172.18.0.7-41333 (172.18.0.7:41333) with 1 core(s)
[2026-05-04T06:20:36.725+0000] {subprocess.py:93} INFO - 26/05/04 06:20:36 INFO StandaloneSchedulerBackend: Granted executor ID app-20260504062036-0008/0 on hostPort 172.18.0.7:41333 with 1 core(s), 1024.0 MiB RAM
[2026-05-04T06:20:36.727+0000] {subprocess.py:93} INFO - 26/05/04 06:20:36 INFO Utils: Successfully started service 'org.apache.spark.network.netty.NettyBlockTransferService' on port 35049.
[2026-05-04T06:20:36.727+0000] {subprocess.py:93} INFO - 26/05/04 06:20:36 INFO NettyBlockTransferService: Server created on c1e8499a63e2:35049
[2026-05-04T06:20:36.728+0000] {subprocess.py:93} INFO - 26/05/04 06:20:36 INFO BlockManager: Using org.apache.spark.storage.RandomBlockReplicationPolicy for block replication policy
[2026-05-04T06:20:36.730+0000] {subprocess.py:93} INFO - 26/05/04 06:20:36 INFO BlockManagerMaster: Registering BlockManager BlockManagerId(driver, c1e8499a63e2, 35049, None)
[2026-05-04T06:20:36.732+0000] {subprocess.py:93} INFO - 26/05/04 06:20:36 INFO BlockManagerMasterEndpoint: Registering block manager c1e8499a63e2:35049 with 434.4 MiB RAM, BlockManagerId(driver, c1e8499a63e2, 35049, None)
[2026-05-04T06:20:36.733+0000] {subprocess.py:93} INFO - 26/05/04 06:20:36 INFO BlockManagerMaster: Registered BlockManager BlockManagerId(driver, c1e8499a63e2, 35049, None)
[2026-05-04T06:20:36.733+0000] {subprocess.py:93} INFO - 26/05/04 06:20:36 INFO BlockManager: Initialized BlockManager: BlockManagerId(driver, c1e8499a63e2, 35049, None)
[2026-05-04T06:20:36.757+0000] {subprocess.py:93} INFO - 26/05/04 06:20:36 INFO StandaloneAppClient$ClientEndpoint: Executor updated: app-20260504062036-0008/0 is now RUNNING
[2026-05-04T06:20:36.829+0000] {subprocess.py:93} INFO - 26/05/04 06:20:36 INFO StandaloneSchedulerBackend: SchedulerBackend is ready for scheduling beginning after reached minRegisteredResourcesRatio: 0.0
[2026-05-04T06:20:42.330+0000] {subprocess.py:97} INFO - Command exited with return code 0
[2026-05-04T06:20:42.347+0000] {taskinstance.py:1398} INFO - Marking task as SUCCESS. dag_id=backfill_retail_pipeline, task_id=build_mart, execution_date=20260504T062019, start_date=20260504T062035, end_date=20260504T062042
[2026-05-04T06:20:42.395+0000] {local_task_job_runner.py:228} INFO - Task exited with return code 0
[2026-05-04T06:20:42.406+0000] {taskinstance.py:2776} INFO - 1 downstream tasks scheduled from follow-on schedule check
