[2026-05-04T06:11:30.842+0000] {taskinstance.py:1157} INFO - Dependencies all met for dep_context=non-requeueable deps ti=<TaskInstance: backfill_retail_pipeline.build_mart manual__2026-05-04T04:54:24+00:00 [queued]>
[2026-05-04T06:11:30.845+0000] {taskinstance.py:1157} INFO - Dependencies all met for dep_context=requeueable deps ti=<TaskInstance: backfill_retail_pipeline.build_mart manual__2026-05-04T04:54:24+00:00 [queued]>
[2026-05-04T06:11:30.845+0000] {taskinstance.py:1359} INFO - Starting attempt 1 of 2
[2026-05-04T06:11:30.849+0000] {taskinstance.py:1380} INFO - Executing <Task(BashOperator): build_mart> on 2026-05-04 04:54:24+00:00
[2026-05-04T06:11:30.852+0000] {standard_task_runner.py:57} INFO - Started process 6612 to run task
[2026-05-04T06:11:30.853+0000] {standard_task_runner.py:84} INFO - Running: ['airflow', 'tasks', 'run', 'backfill_retail_pipeline', 'build_mart', 'manual__2026-05-04T04:54:24+00:00', '--job-id', '963', '--raw', '--subdir', 'DAGS_FOLDER/backfill_retail_pipeline.py', '--cfg-path', '/tmp/tmpl2mg0u51']
[2026-05-04T06:11:30.855+0000] {standard_task_runner.py:85} INFO - Job 963: Subtask build_mart
[2026-05-04T06:11:30.893+0000] {task_command.py:415} INFO - Running <TaskInstance: backfill_retail_pipeline.build_mart manual__2026-05-04T04:54:24+00:00 [running]> on host c559f315799e
[2026-05-04T06:11:30.927+0000] {taskinstance.py:1660} INFO - Exporting env vars: AIRFLOW_CTX_DAG_OWNER='sorae' AIRFLOW_CTX_DAG_ID='backfill_retail_pipeline' AIRFLOW_CTX_TASK_ID='build_mart' AIRFLOW_CTX_EXECUTION_DATE='2026-05-04T04:54:24+00:00' AIRFLOW_CTX_TRY_NUMBER='1' AIRFLOW_CTX_DAG_RUN_ID='manual__2026-05-04T04:54:24+00:00'
[2026-05-04T06:11:30.928+0000] {subprocess.py:63} INFO - Tmp dir root location: /tmp
[2026-05-04T06:11:30.928+0000] {subprocess.py:75} INFO - Running command: ['/bin/bash', '-c', '\n            docker exec spark-master bash -lc \'\n            /opt/bitnami/spark/bin/spark-submit                 --master spark://spark-master:7077                 --deploy-mode client                 --executor-cores 1                 --executor-memory 1g                 --total-executor-cores 1                 --jars /opt/spark-jars/***ql-42.7.3.jar                 --driver-class-path /opt/spark-jars/***ql-42.7.3.jar                 /opt/spark-apps/build_mart.py                 --start "2025-12-01 00:00:00"                 --end "2025-12-31 00:00:00"\n            \'\n        ']
[2026-05-04T06:11:30.932+0000] {subprocess.py:86} INFO - Output:
[2026-05-04T06:11:31.769+0000] {subprocess.py:93} INFO - 26/05/04 06:11:31 WARN NativeCodeLoader: Unable to load native-hadoop library for your platform... using builtin-java classes where applicable
[2026-05-04T06:11:32.198+0000] {subprocess.py:93} INFO - 26/05/04 06:11:32 INFO SparkContext: Running Spark version 3.4.1
[2026-05-04T06:11:32.207+0000] {subprocess.py:93} INFO - 26/05/04 06:11:32 INFO ResourceUtils: ==============================================================
[2026-05-04T06:11:32.208+0000] {subprocess.py:93} INFO - 26/05/04 06:11:32 INFO ResourceUtils: No custom resources configured for spark.driver.
[2026-05-04T06:11:32.208+0000] {subprocess.py:93} INFO - 26/05/04 06:11:32 INFO ResourceUtils: ==============================================================
[2026-05-04T06:11:32.208+0000] {subprocess.py:93} INFO - 26/05/04 06:11:32 INFO SparkContext: Submitted application: build_mart
[2026-05-04T06:11:32.214+0000] {subprocess.py:93} INFO - 26/05/04 06:11:32 INFO ResourceProfile: Default ResourceProfile created, executor resources: Map(cores -> name: cores, amount: 1, script: , vendor: , memory -> name: memory, amount: 1024, script: , vendor: , offHeap -> name: offHeap, amount: 0, script: , vendor: ), task resources: Map(cpus -> name: cpus, amount: 1.0)
[2026-05-04T06:11:32.217+0000] {subprocess.py:93} INFO - 26/05/04 06:11:32 INFO ResourceProfile: Limiting resource is cpus at 1 tasks per executor
[2026-05-04T06:11:32.218+0000] {subprocess.py:93} INFO - 26/05/04 06:11:32 INFO ResourceProfileManager: Added ResourceProfile id: 0
[2026-05-04T06:11:32.236+0000] {subprocess.py:93} INFO - 26/05/04 06:11:32 INFO SecurityManager: Changing view acls to: spark
[2026-05-04T06:11:32.237+0000] {subprocess.py:93} INFO - 26/05/04 06:11:32 INFO SecurityManager: Changing modify acls to: spark
[2026-05-04T06:11:32.237+0000] {subprocess.py:93} INFO - 26/05/04 06:11:32 INFO SecurityManager: Changing view acls groups to:
[2026-05-04T06:11:32.237+0000] {subprocess.py:93} INFO - 26/05/04 06:11:32 INFO SecurityManager: Changing modify acls groups to:
[2026-05-04T06:11:32.237+0000] {subprocess.py:93} INFO - 26/05/04 06:11:32 INFO SecurityManager: SecurityManager: authentication disabled; ui acls disabled; users with view permissions: spark; groups with view permissions: EMPTY; users with modify permissions: spark; groups with modify permissions: EMPTY
[2026-05-04T06:11:32.315+0000] {subprocess.py:93} INFO - 26/05/04 06:11:32 INFO Utils: Successfully started service 'sparkDriver' on port 42409.
[2026-05-04T06:11:32.325+0000] {subprocess.py:93} INFO - 26/05/04 06:11:32 INFO SparkEnv: Registering MapOutputTracker
[2026-05-04T06:11:32.337+0000] {subprocess.py:93} INFO - 26/05/04 06:11:32 INFO SparkEnv: Registering BlockManagerMaster
[2026-05-04T06:11:32.343+0000] {subprocess.py:93} INFO - 26/05/04 06:11:32 INFO BlockManagerMasterEndpoint: Using org.apache.spark.storage.DefaultTopologyMapper for getting topology information
[2026-05-04T06:11:32.343+0000] {subprocess.py:93} INFO - 26/05/04 06:11:32 INFO BlockManagerMasterEndpoint: BlockManagerMasterEndpoint up
[2026-05-04T06:11:32.344+0000] {subprocess.py:93} INFO - 26/05/04 06:11:32 INFO SparkEnv: Registering BlockManagerMasterHeartbeat
[2026-05-04T06:11:32.353+0000] {subprocess.py:93} INFO - 26/05/04 06:11:32 INFO DiskBlockManager: Created local directory at /tmp/blockmgr-bc4c4cff-7799-44c4-b36d-af061d616c89
[2026-05-04T06:11:32.359+0000] {subprocess.py:93} INFO - 26/05/04 06:11:32 INFO MemoryStore: MemoryStore started with capacity 434.4 MiB
[2026-05-04T06:11:32.364+0000] {subprocess.py:93} INFO - 26/05/04 06:11:32 INFO SparkEnv: Registering OutputCommitCoordinator
[2026-05-04T06:11:32.410+0000] {subprocess.py:93} INFO - 26/05/04 06:11:32 INFO JettyUtils: Start Jetty 0.0.0.0:4040 for SparkUI
[2026-05-04T06:11:32.427+0000] {subprocess.py:93} INFO - 26/05/04 06:11:32 INFO Utils: Successfully started service 'SparkUI' on port 4040.
[2026-05-04T06:11:32.440+0000] {subprocess.py:93} INFO - 26/05/04 06:11:32 INFO SparkContext: Added JAR file:///opt/spark-jars/***ql-42.7.3.jar at spark://c1e8499a63e2:42409/jars/***ql-42.7.3.jar with timestamp 1777875092195
[2026-05-04T06:11:32.467+0000] {subprocess.py:93} INFO - 26/05/04 06:11:32 INFO StandaloneAppClient$ClientEndpoint: Connecting to master spark://spark-master:7077...
[2026-05-04T06:11:32.487+0000] {subprocess.py:93} INFO - 26/05/04 06:11:32 INFO TransportClientFactory: Successfully created connection to spark-master/172.18.0.4:7077 after 11 ms (0 ms spent in bootstraps)
[2026-05-04T06:11:32.533+0000] {subprocess.py:93} INFO - 26/05/04 06:11:32 INFO StandaloneSchedulerBackend: Connected to Spark cluster with app ID app-20260504061132-0006
[2026-05-04T06:11:32.533+0000] {subprocess.py:93} INFO - 26/05/04 06:11:32 INFO StandaloneAppClient$ClientEndpoint: Executor added: app-20260504061132-0006/0 on worker-20260504020915-172.18.0.7-41333 (172.18.0.7:41333) with 1 core(s)
[2026-05-04T06:11:32.534+0000] {subprocess.py:93} INFO - 26/05/04 06:11:32 INFO Utils: Successfully started service 'org.apache.spark.network.netty.NettyBlockTransferService' on port 43099.
[2026-05-04T06:11:32.534+0000] {subprocess.py:93} INFO - 26/05/04 06:11:32 INFO NettyBlockTransferService: Server created on c1e8499a63e2:43099
[2026-05-04T06:11:32.535+0000] {subprocess.py:93} INFO - 26/05/04 06:11:32 INFO StandaloneSchedulerBackend: Granted executor ID app-20260504061132-0006/0 on hostPort 172.18.0.7:41333 with 1 core(s), 1024.0 MiB RAM
[2026-05-04T06:11:32.535+0000] {subprocess.py:93} INFO - 26/05/04 06:11:32 INFO BlockManager: Using org.apache.spark.storage.RandomBlockReplicationPolicy for block replication policy
[2026-05-04T06:11:32.538+0000] {subprocess.py:93} INFO - 26/05/04 06:11:32 INFO BlockManagerMaster: Registering BlockManager BlockManagerId(driver, c1e8499a63e2, 43099, None)
[2026-05-04T06:11:32.539+0000] {subprocess.py:93} INFO - 26/05/04 06:11:32 INFO BlockManagerMasterEndpoint: Registering block manager c1e8499a63e2:43099 with 434.4 MiB RAM, BlockManagerId(driver, c1e8499a63e2, 43099, None)
[2026-05-04T06:11:32.540+0000] {subprocess.py:93} INFO - 26/05/04 06:11:32 INFO BlockManagerMaster: Registered BlockManager BlockManagerId(driver, c1e8499a63e2, 43099, None)
[2026-05-04T06:11:32.541+0000] {subprocess.py:93} INFO - 26/05/04 06:11:32 INFO BlockManager: Initialized BlockManager: BlockManagerId(driver, c1e8499a63e2, 43099, None)
[2026-05-04T06:11:32.568+0000] {subprocess.py:93} INFO - 26/05/04 06:11:32 INFO StandaloneAppClient$ClientEndpoint: Executor updated: app-20260504061132-0006/0 is now RUNNING
[2026-05-04T06:11:32.638+0000] {subprocess.py:93} INFO - 26/05/04 06:11:32 INFO StandaloneSchedulerBackend: SchedulerBackend is ready for scheduling beginning after reached minRegisteredResourcesRatio: 0.0
[2026-05-04T06:11:38.532+0000] {subprocess.py:97} INFO - Command exited with return code 0
[2026-05-04T06:11:38.573+0000] {taskinstance.py:1398} INFO - Marking task as SUCCESS. dag_id=backfill_retail_pipeline, task_id=build_mart, execution_date=20260504T045424, start_date=20260504T061130, end_date=20260504T061138
[2026-05-04T06:11:38.588+0000] {local_task_job_runner.py:228} INFO - Task exited with return code 0
[2026-05-04T06:11:38.610+0000] {taskinstance.py:2776} INFO - 1 downstream tasks scheduled from follow-on schedule check
