[2026-05-03T16:05:51.399+0000] {taskinstance.py:1157} INFO - Dependencies all met for dep_context=non-requeueable deps ti=<TaskInstance: setup_retail_pipeline.run_collector manual__2026-05-03T16:04:31.007344+00:00 [queued]>
[2026-05-03T16:05:51.401+0000] {taskinstance.py:1157} INFO - Dependencies all met for dep_context=requeueable deps ti=<TaskInstance: setup_retail_pipeline.run_collector manual__2026-05-03T16:04:31.007344+00:00 [queued]>
[2026-05-03T16:05:51.401+0000] {taskinstance.py:1359} INFO - Starting attempt 3 of 4
[2026-05-03T16:05:51.405+0000] {taskinstance.py:1380} INFO - Executing <Task(BashOperator): run_collector> on 2026-05-03 16:04:31.007344+00:00
[2026-05-03T16:05:51.407+0000] {standard_task_runner.py:57} INFO - Started process 8759 to run task
[2026-05-03T16:05:51.409+0000] {standard_task_runner.py:84} INFO - Running: ['airflow', 'tasks', 'run', 'setup_retail_pipeline', 'run_collector', 'manual__2026-05-03T16:04:31.007344+00:00', '--job-id', '851', '--raw', '--subdir', 'DAGS_FOLDER/setup_retail_pipeline.py', '--cfg-path', '/tmp/tmpvphjge_t']
[2026-05-03T16:05:51.410+0000] {standard_task_runner.py:85} INFO - Job 851: Subtask run_collector
[2026-05-03T16:05:51.428+0000] {task_command.py:415} INFO - Running <TaskInstance: setup_retail_pipeline.run_collector manual__2026-05-03T16:04:31.007344+00:00 [running]> on host 9402586a9c0f
[2026-05-03T16:05:51.456+0000] {taskinstance.py:1660} INFO - Exporting env vars: AIRFLOW_CTX_DAG_OWNER='sorae' AIRFLOW_CTX_DAG_ID='setup_retail_pipeline' AIRFLOW_CTX_TASK_ID='run_collector' AIRFLOW_CTX_EXECUTION_DATE='2026-05-03T16:04:31.007344+00:00' AIRFLOW_CTX_TRY_NUMBER='3' AIRFLOW_CTX_DAG_RUN_ID='manual__2026-05-03T16:04:31.007344+00:00'
[2026-05-03T16:05:51.457+0000] {subprocess.py:63} INFO - Tmp dir root location: /tmp
[2026-05-03T16:05:51.457+0000] {subprocess.py:75} INFO - Running command: ['/bin/bash', '-c', "\n    docker exec         -e TARGET_START='2026-05-03 15:00:00'         -e TARGET_END='2026-05-03 16:00:00'         collector         python /app/producer.py\n        "]
[2026-05-03T16:05:51.460+0000] {subprocess.py:86} INFO - Output:
[2026-05-03T16:05:52.520+0000] {subprocess.py:93} INFO - [Kafka] 연결 시도 1/30 - kafka:29092
[2026-05-03T16:05:52.521+0000] {subprocess.py:93} INFO - Traceback (most recent call last):
[2026-05-03T16:05:52.521+0000] {subprocess.py:93} INFO -   File "/app/producer.py", line 191, in <module>
[2026-05-03T16:05:52.521+0000] {subprocess.py:93} INFO -     main()
[2026-05-03T16:05:52.521+0000] {subprocess.py:93} INFO -   File "/app/producer.py", line 150, in main
[2026-05-03T16:05:52.521+0000] {subprocess.py:93} INFO -     data = get_csv_message();
[2026-05-03T16:05:52.521+0000] {subprocess.py:93} INFO -   File "/app/producer.py", line 49, in get_csv_message
[2026-05-03T16:05:52.521+0000] {subprocess.py:93} INFO -     start_ts = pd.to_datetime(target_start).tz_convert("Asia/Seoul").tz_localize(None)
[2026-05-03T16:05:52.521+0000] {subprocess.py:93} INFO -   File "pandas/_libs/tslibs/timestamps.pyx", line 2199, in pandas._libs.tslibs.timestamps.Timestamp.tz_convert
[2026-05-03T16:05:52.521+0000] {subprocess.py:93} INFO - TypeError: Cannot convert tz-naive Timestamp, use tz_localize to localize
[2026-05-03T16:05:52.547+0000] {subprocess.py:97} INFO - Command exited with return code 1
[2026-05-03T16:05:52.552+0000] {taskinstance.py:1935} ERROR - Task failed with exception
Traceback (most recent call last):
  File "/home/airflow/.local/lib/python3.8/site-packages/airflow/operators/bash.py", line 210, in execute
    raise AirflowException(
airflow.exceptions.AirflowException: Bash command failed. The command returned a non-zero exit code 1.
[2026-05-03T16:05:52.553+0000] {taskinstance.py:1398} INFO - Marking task as UP_FOR_RETRY. dag_id=setup_retail_pipeline, task_id=run_collector, execution_date=20260503T160431, start_date=20260503T160551, end_date=20260503T160552
[2026-05-03T16:05:52.558+0000] {standard_task_runner.py:104} ERROR - Failed to execute job 851 for task run_collector (Bash command failed. The command returned a non-zero exit code 1.; 8759)
[2026-05-03T16:05:52.595+0000] {local_task_job_runner.py:228} INFO - Task exited with return code 1
[2026-05-03T16:05:52.605+0000] {taskinstance.py:2776} INFO - 0 downstream tasks scheduled from follow-on schedule check
