[2026-05-03T13:00:05.737+0000] {taskinstance.py:1157} INFO - Dependencies all met for dep_context=non-requeueable deps ti=<TaskInstance: setup_retail_pipeline.check_stream_alive scheduled__2026-05-03T12:00:00+00:00 [queued]>
[2026-05-03T13:00:05.740+0000] {taskinstance.py:1157} INFO - Dependencies all met for dep_context=requeueable deps ti=<TaskInstance: setup_retail_pipeline.check_stream_alive scheduled__2026-05-03T12:00:00+00:00 [queued]>
[2026-05-03T13:00:05.740+0000] {taskinstance.py:1359} INFO - Starting attempt 1 of 4
[2026-05-03T13:00:05.744+0000] {taskinstance.py:1380} INFO - Executing <Task(BashOperator): check_stream_alive> on 2026-05-03 12:00:00+00:00
[2026-05-03T13:00:05.745+0000] {standard_task_runner.py:57} INFO - Started process 4600 to run task
[2026-05-03T13:00:05.747+0000] {standard_task_runner.py:84} INFO - Running: ['airflow', 'tasks', 'run', 'setup_retail_pipeline', 'check_stream_alive', 'scheduled__2026-05-03T12:00:00+00:00', '--job-id', '818', '--raw', '--subdir', 'DAGS_FOLDER/setup_retail_pipeline.py', '--cfg-path', '/tmp/tmpo8u0r6_c']
[2026-05-03T13:00:05.748+0000] {standard_task_runner.py:85} INFO - Job 818: Subtask check_stream_alive
[2026-05-03T13:00:05.773+0000] {task_command.py:415} INFO - Running <TaskInstance: setup_retail_pipeline.check_stream_alive scheduled__2026-05-03T12:00:00+00:00 [running]> on host 9402586a9c0f
[2026-05-03T13:00:05.807+0000] {taskinstance.py:1660} INFO - Exporting env vars: AIRFLOW_CTX_DAG_OWNER='sorae' AIRFLOW_CTX_DAG_ID='setup_retail_pipeline' AIRFLOW_CTX_TASK_ID='check_stream_alive' AIRFLOW_CTX_EXECUTION_DATE='2026-05-03T12:00:00+00:00' AIRFLOW_CTX_TRY_NUMBER='1' AIRFLOW_CTX_DAG_RUN_ID='scheduled__2026-05-03T12:00:00+00:00'
[2026-05-03T13:00:05.808+0000] {subprocess.py:63} INFO - Tmp dir root location: /tmp
[2026-05-03T13:00:05.808+0000] {subprocess.py:75} INFO - Running command: ['/bin/bash', '-c', '\n        sleep 10\n        docker exec spark-master ps -ef | grep stream_raw_events | grep -v grep\n        ']
[2026-05-03T13:00:05.811+0000] {subprocess.py:86} INFO - Output:
[2026-05-03T13:00:15.923+0000] {subprocess.py:93} INFO - 1001      3430     1  7 12:00 ?        00:04:38 /opt/bitnami/java/bin/java -cp /opt/bitnami/spark/conf/:/opt/bitnami/spark/jars/* -Xmx1g --add-exports java.base/sun.nio.ch=ALL-UNNAMED -XX:+IgnoreUnrecognizedVMOptions --add-opens=java.base/java.lang=ALL-UNNAMED --add-opens=java.base/java.lang.invoke=ALL-UNNAMED --add-opens=java.base/java.lang.reflect=ALL-UNNAMED --add-opens=java.base/java.io=ALL-UNNAMED --add-opens=java.base/java.net=ALL-UNNAMED --add-opens=java.base/java.nio=ALL-UNNAMED --add-opens=java.base/java.util=ALL-UNNAMED --add-opens=java.base/java.util.concurrent=ALL-UNNAMED --add-opens=java.base/java.util.concurrent.atomic=ALL-UNNAMED --add-opens=java.base/sun.nio.ch=ALL-UNNAMED --add-opens=java.base/sun.nio.cs=ALL-UNNAMED --add-opens=java.base/sun.security.action=ALL-UNNAMED --add-opens=java.base/sun.util.calendar=ALL-UNNAMED --add-opens=java.security.jgss/sun.security.krb5=ALL-UNNAMED -Djdk.reflect.useDirectMethodHandle=false org.apache.spark.deploy.SparkSubmit --master spark://spark-master:7077 --conf spark.driver.extraJavaOptions=--add-exports java.base/sun.nio.ch=ALL-UNNAMED --executor-memory 1g --executor-cores 1 --packages org.apache.spark:spark-sql-kafka-0-10_2.12:3.4.1 --jars /opt/spark-jars/***ql-42.7.3.jar /opt/spark-apps/stream_raw_events.py
[2026-05-03T13:00:15.924+0000] {subprocess.py:93} INFO - 1001      3486  3430  0 12:00 ?        00:00:02 /opt/bitnami/python/bin/python3 /opt/spark-apps/stream_raw_events.py
[2026-05-03T13:00:15.924+0000] {subprocess.py:93} INFO - 1001      4078     1 77 13:00 ?        00:00:08 /opt/bitnami/java/bin/java -cp /opt/bitnami/spark/conf/:/opt/bitnami/spark/jars/* -Xmx1g --add-exports java.base/sun.nio.ch=ALL-UNNAMED -XX:+IgnoreUnrecognizedVMOptions --add-opens=java.base/java.lang=ALL-UNNAMED --add-opens=java.base/java.lang.invoke=ALL-UNNAMED --add-opens=java.base/java.lang.reflect=ALL-UNNAMED --add-opens=java.base/java.io=ALL-UNNAMED --add-opens=java.base/java.net=ALL-UNNAMED --add-opens=java.base/java.nio=ALL-UNNAMED --add-opens=java.base/java.util=ALL-UNNAMED --add-opens=java.base/java.util.concurrent=ALL-UNNAMED --add-opens=java.base/java.util.concurrent.atomic=ALL-UNNAMED --add-opens=java.base/sun.nio.ch=ALL-UNNAMED --add-opens=java.base/sun.nio.cs=ALL-UNNAMED --add-opens=java.base/sun.security.action=ALL-UNNAMED --add-opens=java.base/sun.util.calendar=ALL-UNNAMED --add-opens=java.security.jgss/sun.security.krb5=ALL-UNNAMED -Djdk.reflect.useDirectMethodHandle=false org.apache.spark.deploy.SparkSubmit --master spark://spark-master:7077 --conf spark.driver.extraJavaOptions=--add-exports java.base/sun.nio.ch=ALL-UNNAMED --executor-memory 1g --executor-cores 1 --packages org.apache.spark:spark-sql-kafka-0-10_2.12:3.4.1 --jars /opt/spark-jars/***ql-42.7.3.jar /opt/spark-apps/stream_raw_events.py
[2026-05-03T13:00:15.924+0000] {subprocess.py:93} INFO - 1001      4135  4078 11 13:00 ?        00:00:01 /opt/bitnami/python/bin/python3 /opt/spark-apps/stream_raw_events.py
[2026-05-03T13:00:15.924+0000] {subprocess.py:97} INFO - Command exited with return code 0
[2026-05-03T13:00:15.936+0000] {taskinstance.py:1398} INFO - Marking task as SUCCESS. dag_id=setup_retail_pipeline, task_id=check_stream_alive, execution_date=20260503T120000, start_date=20260503T130005, end_date=20260503T130015
[2026-05-03T13:00:15.958+0000] {local_task_job_runner.py:228} INFO - Task exited with return code 0
[2026-05-03T13:00:15.970+0000] {taskinstance.py:2776} INFO - 1 downstream tasks scheduled from follow-on schedule check
