[2026-05-04T06:20:26.921+0000] {taskinstance.py:1157} INFO - Dependencies all met for dep_context=non-requeueable deps ti=<TaskInstance: backfill_retail_pipeline.check_raw_count manual__2026-05-04T06:20:19+00:00 [queued]>
[2026-05-04T06:20:26.924+0000] {taskinstance.py:1157} INFO - Dependencies all met for dep_context=requeueable deps ti=<TaskInstance: backfill_retail_pipeline.check_raw_count manual__2026-05-04T06:20:19+00:00 [queued]>
[2026-05-04T06:20:26.924+0000] {taskinstance.py:1359} INFO - Starting attempt 1 of 2
[2026-05-04T06:20:26.928+0000] {taskinstance.py:1380} INFO - Executing <Task(BashOperator): check_raw_count> on 2026-05-04 06:20:19+00:00
[2026-05-04T06:20:26.930+0000] {standard_task_runner.py:57} INFO - Started process 6945 to run task
[2026-05-04T06:20:26.931+0000] {standard_task_runner.py:84} INFO - Running: ['airflow', 'tasks', 'run', 'backfill_retail_pipeline', 'check_raw_count', 'manual__2026-05-04T06:20:19+00:00', '--job-id', '969', '--raw', '--subdir', 'DAGS_FOLDER/backfill_retail_pipeline.py', '--cfg-path', '/tmp/tmp0bwnwd_a']
[2026-05-04T06:20:26.932+0000] {standard_task_runner.py:85} INFO - Job 969: Subtask check_raw_count
[2026-05-04T06:20:26.952+0000] {task_command.py:415} INFO - Running <TaskInstance: backfill_retail_pipeline.check_raw_count manual__2026-05-04T06:20:19+00:00 [running]> on host c559f315799e
[2026-05-04T06:20:26.983+0000] {taskinstance.py:1660} INFO - Exporting env vars: AIRFLOW_CTX_DAG_OWNER='sorae' AIRFLOW_CTX_DAG_ID='backfill_retail_pipeline' AIRFLOW_CTX_TASK_ID='check_raw_count' AIRFLOW_CTX_EXECUTION_DATE='2026-05-04T06:20:19+00:00' AIRFLOW_CTX_TRY_NUMBER='1' AIRFLOW_CTX_DAG_RUN_ID='manual__2026-05-04T06:20:19+00:00'
[2026-05-04T06:20:26.983+0000] {subprocess.py:63} INFO - Tmp dir root location: /tmp
[2026-05-04T06:20:26.984+0000] {subprocess.py:75} INFO - Running command: ['/bin/bash', '-c', '\ndocker exec *** psql -U *** -d retail_pipeline -c "\nSELECT COUNT(*) AS raw_count\nFROM raw_retail_events\nWHERE invoice_timestamp >= \'2025-12-24 00:00:00\'\n  AND invoice_timestamp <  \'2025-12-31 00:00:00\';\n"']
[2026-05-04T06:20:26.987+0000] {subprocess.py:86} INFO - Output:
[2026-05-04T06:20:27.075+0000] {subprocess.py:93} INFO -  raw_count
[2026-05-04T06:20:27.076+0000] {subprocess.py:93} INFO - -----------
[2026-05-04T06:20:27.076+0000] {subprocess.py:93} INFO -          0
[2026-05-04T06:20:27.076+0000] {subprocess.py:93} INFO - (1 row)
[2026-05-04T06:20:27.076+0000] {subprocess.py:93} INFO - 
[2026-05-04T06:20:27.078+0000] {subprocess.py:97} INFO - Command exited with return code 0
[2026-05-04T06:20:27.090+0000] {taskinstance.py:1398} INFO - Marking task as SUCCESS. dag_id=backfill_retail_pipeline, task_id=check_raw_count, execution_date=20260504T062019, start_date=20260504T062026, end_date=20260504T062027
[2026-05-04T06:20:27.111+0000] {local_task_job_runner.py:228} INFO - Task exited with return code 0
[2026-05-04T06:20:27.123+0000] {taskinstance.py:2776} INFO - 1 downstream tasks scheduled from follow-on schedule check
