[2026-05-03T15:52:29.279+0000] {taskinstance.py:1157} INFO - Dependencies all met for dep_context=non-requeueable deps ti=<TaskInstance: retail_pipeline.build_mart scheduled__2026-05-02T15:30:00+00:00 [queued]>
[2026-05-03T15:52:29.282+0000] {taskinstance.py:1157} INFO - Dependencies all met for dep_context=requeueable deps ti=<TaskInstance: retail_pipeline.build_mart scheduled__2026-05-02T15:30:00+00:00 [queued]>
[2026-05-03T15:52:29.283+0000] {taskinstance.py:1359} INFO - Starting attempt 1 of 4
[2026-05-03T15:52:29.287+0000] {taskinstance.py:1380} INFO - Executing <Task(BashOperator): build_mart> on 2026-05-02 15:30:00+00:00
[2026-05-03T15:52:29.290+0000] {standard_task_runner.py:57} INFO - Started process 8314 to run task
[2026-05-03T15:52:29.293+0000] {standard_task_runner.py:84} INFO - Running: ['airflow', 'tasks', 'run', 'retail_pipeline', 'build_mart', 'scheduled__2026-05-02T15:30:00+00:00', '--job-id', '838', '--raw', '--subdir', 'DAGS_FOLDER/retail_pipeline_dag.py', '--cfg-path', '/tmp/tmpt3icla1e']
[2026-05-03T15:52:29.294+0000] {standard_task_runner.py:85} INFO - Job 838: Subtask build_mart
[2026-05-03T15:52:29.320+0000] {task_command.py:415} INFO - Running <TaskInstance: retail_pipeline.build_mart scheduled__2026-05-02T15:30:00+00:00 [running]> on host 9402586a9c0f
[2026-05-03T15:52:29.356+0000] {taskinstance.py:1660} INFO - Exporting env vars: AIRFLOW_CTX_DAG_OWNER='sorae' AIRFLOW_CTX_DAG_ID='retail_pipeline' AIRFLOW_CTX_TASK_ID='build_mart' AIRFLOW_CTX_EXECUTION_DATE='2026-05-02T15:30:00+00:00' AIRFLOW_CTX_TRY_NUMBER='1' AIRFLOW_CTX_DAG_RUN_ID='scheduled__2026-05-02T15:30:00+00:00'
[2026-05-03T15:52:29.362+0000] {subprocess.py:63} INFO - Tmp dir root location: /tmp
[2026-05-03T15:52:29.362+0000] {subprocess.py:75} INFO - Running command: ['/bin/bash', '-c', '\n        docker exec spark-master bash -lc \'\n        /opt/bitnami/spark/bin/spark-submit             --master spark://spark-master:7077             --deploy-mode client             --jars /opt/spark-jars/***ql-42.7.3.jar             --driver-class-path /opt/spark-jars/***ql-42.7.3.jar             /opt/spark-apps/build_mart.py             --start "2026-05-02"             --end "2026-05-03"\n        \'\n    ']
[2026-05-03T15:52:29.366+0000] {subprocess.py:86} INFO - Output:
[2026-05-03T15:52:30.311+0000] {subprocess.py:93} INFO - 26/05/03 15:52:30 WARN NativeCodeLoader: Unable to load native-hadoop library for your platform... using builtin-java classes where applicable
[2026-05-03T15:52:31.169+0000] {subprocess.py:93} INFO - 26/05/03 15:52:31 INFO SparkContext: Running Spark version 3.4.1
[2026-05-03T15:52:31.180+0000] {subprocess.py:93} INFO - 26/05/03 15:52:31 INFO ResourceUtils: ==============================================================
[2026-05-03T15:52:31.181+0000] {subprocess.py:93} INFO - 26/05/03 15:52:31 INFO ResourceUtils: No custom resources configured for spark.driver.
[2026-05-03T15:52:31.181+0000] {subprocess.py:93} INFO - 26/05/03 15:52:31 INFO ResourceUtils: ==============================================================
[2026-05-03T15:52:31.181+0000] {subprocess.py:93} INFO - 26/05/03 15:52:31 INFO SparkContext: Submitted application: build_mart
[2026-05-03T15:52:31.188+0000] {subprocess.py:93} INFO - 26/05/03 15:52:31 INFO ResourceProfile: Default ResourceProfile created, executor resources: Map(memory -> name: memory, amount: 1024, script: , vendor: , offHeap -> name: offHeap, amount: 0, script: , vendor: ), task resources: Map(cpus -> name: cpus, amount: 1.0)
[2026-05-03T15:52:31.190+0000] {subprocess.py:93} INFO - 26/05/03 15:52:31 INFO ResourceProfile: Limiting resource is cpu
[2026-05-03T15:52:31.191+0000] {subprocess.py:93} INFO - 26/05/03 15:52:31 INFO ResourceProfileManager: Added ResourceProfile id: 0
[2026-05-03T15:52:31.215+0000] {subprocess.py:93} INFO - 26/05/03 15:52:31 INFO SecurityManager: Changing view acls to: spark
[2026-05-03T15:52:31.216+0000] {subprocess.py:93} INFO - 26/05/03 15:52:31 INFO SecurityManager: Changing modify acls to: spark
[2026-05-03T15:52:31.216+0000] {subprocess.py:93} INFO - 26/05/03 15:52:31 INFO SecurityManager: Changing view acls groups to:
[2026-05-03T15:52:31.216+0000] {subprocess.py:93} INFO - 26/05/03 15:52:31 INFO SecurityManager: Changing modify acls groups to:
[2026-05-03T15:52:31.216+0000] {subprocess.py:93} INFO - 26/05/03 15:52:31 INFO SecurityManager: SecurityManager: authentication disabled; ui acls disabled; users with view permissions: spark; groups with view permissions: EMPTY; users with modify permissions: spark; groups with modify permissions: EMPTY
[2026-05-03T15:52:31.301+0000] {subprocess.py:93} INFO - 26/05/03 15:52:31 INFO Utils: Successfully started service 'sparkDriver' on port 43891.
[2026-05-03T15:52:31.313+0000] {subprocess.py:93} INFO - 26/05/03 15:52:31 INFO SparkEnv: Registering MapOutputTracker
[2026-05-03T15:52:31.324+0000] {subprocess.py:93} INFO - 26/05/03 15:52:31 INFO SparkEnv: Registering BlockManagerMaster
[2026-05-03T15:52:31.330+0000] {subprocess.py:93} INFO - 26/05/03 15:52:31 INFO BlockManagerMasterEndpoint: Using org.apache.spark.storage.DefaultTopologyMapper for getting topology information
[2026-05-03T15:52:31.330+0000] {subprocess.py:93} INFO - 26/05/03 15:52:31 INFO BlockManagerMasterEndpoint: BlockManagerMasterEndpoint up
[2026-05-03T15:52:31.331+0000] {subprocess.py:93} INFO - 26/05/03 15:52:31 INFO SparkEnv: Registering BlockManagerMasterHeartbeat
[2026-05-03T15:52:31.342+0000] {subprocess.py:93} INFO - 26/05/03 15:52:31 INFO DiskBlockManager: Created local directory at /tmp/blockmgr-6a650a9d-5e03-4692-9c54-197151fb5ec2
[2026-05-03T15:52:31.348+0000] {subprocess.py:93} INFO - 26/05/03 15:52:31 INFO MemoryStore: MemoryStore started with capacity 434.4 MiB
[2026-05-03T15:52:31.353+0000] {subprocess.py:93} INFO - 26/05/03 15:52:31 INFO SparkEnv: Registering OutputCommitCoordinator
[2026-05-03T15:52:31.414+0000] {subprocess.py:93} INFO - 26/05/03 15:52:31 INFO JettyUtils: Start Jetty 0.0.0.0:4040 for SparkUI
[2026-05-03T15:52:31.437+0000] {subprocess.py:93} INFO - 26/05/03 15:52:31 INFO Utils: Successfully started service 'SparkUI' on port 4040.
[2026-05-03T15:52:31.450+0000] {subprocess.py:93} INFO - 26/05/03 15:52:31 INFO SparkContext: Added JAR file:///opt/spark-jars/***ql-42.7.3.jar at spark://c7793fecf0f4:43891/jars/***ql-42.7.3.jar with timestamp 1777823551162
[2026-05-03T15:52:31.483+0000] {subprocess.py:93} INFO - 26/05/03 15:52:31 INFO StandaloneAppClient$ClientEndpoint: Connecting to master spark://spark-master:7077...
[2026-05-03T15:52:31.505+0000] {subprocess.py:93} INFO - 26/05/03 15:52:31 INFO TransportClientFactory: Successfully created connection to spark-master/172.18.0.3:7077 after 14 ms (0 ms spent in bootstraps)
[2026-05-03T15:52:31.550+0000] {subprocess.py:93} INFO - 26/05/03 15:52:31 INFO StandaloneSchedulerBackend: Connected to Spark cluster with app ID app-20260503155231-0009
[2026-05-03T15:52:31.552+0000] {subprocess.py:93} INFO - 26/05/03 15:52:31 INFO StandaloneAppClient$ClientEndpoint: Executor added: app-20260503155231-0009/0 on worker-20260503093747-172.18.0.5-46551 (172.18.0.5:46551) with 2 core(s)
[2026-05-03T15:52:31.553+0000] {subprocess.py:93} INFO - 26/05/03 15:52:31 INFO StandaloneSchedulerBackend: Granted executor ID app-20260503155231-0009/0 on hostPort 172.18.0.5:46551 with 2 core(s), 1024.0 MiB RAM
[2026-05-03T15:52:31.554+0000] {subprocess.py:93} INFO - 26/05/03 15:52:31 INFO Utils: Successfully started service 'org.apache.spark.network.netty.NettyBlockTransferService' on port 43657.
[2026-05-03T15:52:31.555+0000] {subprocess.py:93} INFO - 26/05/03 15:52:31 INFO NettyBlockTransferService: Server created on c7793fecf0f4:43657
[2026-05-03T15:52:31.555+0000] {subprocess.py:93} INFO - 26/05/03 15:52:31 INFO BlockManager: Using org.apache.spark.storage.RandomBlockReplicationPolicy for block replication policy
[2026-05-03T15:52:31.558+0000] {subprocess.py:93} INFO - 26/05/03 15:52:31 INFO BlockManagerMaster: Registering BlockManager BlockManagerId(driver, c7793fecf0f4, 43657, None)
[2026-05-03T15:52:31.560+0000] {subprocess.py:93} INFO - 26/05/03 15:52:31 INFO BlockManagerMasterEndpoint: Registering block manager c7793fecf0f4:43657 with 434.4 MiB RAM, BlockManagerId(driver, c7793fecf0f4, 43657, None)
[2026-05-03T15:52:31.564+0000] {subprocess.py:93} INFO - 26/05/03 15:52:31 INFO BlockManagerMaster: Registered BlockManager BlockManagerId(driver, c7793fecf0f4, 43657, None)
[2026-05-03T15:52:31.564+0000] {subprocess.py:93} INFO - 26/05/03 15:52:31 INFO BlockManager: Initialized BlockManager: BlockManagerId(driver, c7793fecf0f4, 43657, None)
[2026-05-03T15:52:31.631+0000] {subprocess.py:93} INFO - 26/05/03 15:52:31 INFO StandaloneAppClient$ClientEndpoint: Executor updated: app-20260503155231-0009/0 is now RUNNING
[2026-05-03T15:52:31.673+0000] {subprocess.py:93} INFO - 26/05/03 15:52:31 INFO StandaloneSchedulerBackend: SchedulerBackend is ready for scheduling beginning after reached minRegisteredResourcesRatio: 0.0
[2026-05-03T15:52:37.627+0000] {subprocess.py:97} INFO - Command exited with return code 0
[2026-05-03T15:52:37.663+0000] {taskinstance.py:1398} INFO - Marking task as SUCCESS. dag_id=retail_pipeline, task_id=build_mart, execution_date=20260502T153000, start_date=20260503T155229, end_date=20260503T155237
[2026-05-03T15:52:37.695+0000] {local_task_job_runner.py:228} INFO - Task exited with return code 0
[2026-05-03T15:52:37.709+0000] {taskinstance.py:2776} INFO - 0 downstream tasks scheduled from follow-on schedule check
