[2026-05-03T08:35:21.115+0000] {taskinstance.py:1157} INFO - Dependencies all met for dep_context=non-requeueable deps ti=<TaskInstance: retail_pipeline.build_dim manual__2026-05-03T08:20:14+00:00 [queued]>
[2026-05-03T08:35:21.118+0000] {taskinstance.py:1157} INFO - Dependencies all met for dep_context=requeueable deps ti=<TaskInstance: retail_pipeline.build_dim manual__2026-05-03T08:20:14+00:00 [queued]>
[2026-05-03T08:35:21.119+0000] {taskinstance.py:1359} INFO - Starting attempt 4 of 4
[2026-05-03T08:35:21.123+0000] {taskinstance.py:1380} INFO - Executing <Task(BashOperator): build_dim> on 2026-05-03 08:20:14+00:00
[2026-05-03T08:35:21.124+0000] {standard_task_runner.py:57} INFO - Started process 224 to run task
[2026-05-03T08:35:21.127+0000] {standard_task_runner.py:84} INFO - Running: ['airflow', 'tasks', 'run', 'retail_pipeline', 'build_dim', 'manual__2026-05-03T08:20:14+00:00', '--job-id', '774', '--raw', '--subdir', 'DAGS_FOLDER/retail_pipeline_dag.py', '--cfg-path', '/tmp/tmpi9aer2ji']
[2026-05-03T08:35:21.128+0000] {standard_task_runner.py:85} INFO - Job 774: Subtask build_dim
[2026-05-03T08:35:21.152+0000] {task_command.py:415} INFO - Running <TaskInstance: retail_pipeline.build_dim manual__2026-05-03T08:20:14+00:00 [running]> on host 706161c69530
[2026-05-03T08:35:21.181+0000] {taskinstance.py:1660} INFO - Exporting env vars: AIRFLOW_CTX_DAG_OWNER='sorae' AIRFLOW_CTX_DAG_ID='retail_pipeline' AIRFLOW_CTX_TASK_ID='build_dim' AIRFLOW_CTX_EXECUTION_DATE='2026-05-03T08:20:14+00:00' AIRFLOW_CTX_TRY_NUMBER='4' AIRFLOW_CTX_DAG_RUN_ID='manual__2026-05-03T08:20:14+00:00'
[2026-05-03T08:35:21.182+0000] {subprocess.py:63} INFO - Tmp dir root location: /tmp
[2026-05-03T08:35:21.182+0000] {subprocess.py:75} INFO - Running command: ['/bin/bash', '-c', "\n        spark-submit             --master spark://spark-master:7077             --deploy-mode client             /opt/spark-apps/build_dim.py             --start '2026-05-02'             --end '2026-05-03'\n    "]
[2026-05-03T08:35:21.186+0000] {subprocess.py:86} INFO - Output:
[2026-05-03T08:35:21.235+0000] {subprocess.py:93} INFO - JAVA_HOME is not set
[2026-05-03T08:35:21.235+0000] {subprocess.py:97} INFO - Command exited with return code 1
[2026-05-03T08:35:21.240+0000] {taskinstance.py:1935} ERROR - Task failed with exception
Traceback (most recent call last):
  File "/home/airflow/.local/lib/python3.8/site-packages/airflow/operators/bash.py", line 210, in execute
    raise AirflowException(
airflow.exceptions.AirflowException: Bash command failed. The command returned a non-zero exit code 1.
[2026-05-03T08:35:21.242+0000] {taskinstance.py:1398} INFO - Marking task as FAILED. dag_id=retail_pipeline, task_id=build_dim, execution_date=20260503T082014, start_date=20260503T083521, end_date=20260503T083521
[2026-05-03T08:35:21.246+0000] {standard_task_runner.py:104} ERROR - Failed to execute job 774 for task build_dim (Bash command failed. The command returned a non-zero exit code 1.; 224)
[2026-05-03T08:35:21.267+0000] {local_task_job_runner.py:228} INFO - Task exited with return code 1
[2026-05-03T08:35:21.277+0000] {taskinstance.py:2776} INFO - 0 downstream tasks scheduled from follow-on schedule check
