[2026-05-04T06:11:20.311+0000] {taskinstance.py:1157} INFO - Dependencies all met for dep_context=non-requeueable deps ti=<TaskInstance: backfill_retail_pipeline.check_raw_count manual__2026-05-04T04:54:24+00:00 [queued]>
[2026-05-04T06:11:20.313+0000] {taskinstance.py:1157} INFO - Dependencies all met for dep_context=requeueable deps ti=<TaskInstance: backfill_retail_pipeline.check_raw_count manual__2026-05-04T04:54:24+00:00 [queued]>
[2026-05-04T06:11:20.314+0000] {taskinstance.py:1359} INFO - Starting attempt 1 of 2
[2026-05-04T06:11:20.317+0000] {taskinstance.py:1380} INFO - Executing <Task(BashOperator): check_raw_count> on 2026-05-04 04:54:24+00:00
[2026-05-04T06:11:20.319+0000] {standard_task_runner.py:57} INFO - Started process 6578 to run task
[2026-05-04T06:11:20.321+0000] {standard_task_runner.py:84} INFO - Running: ['airflow', 'tasks', 'run', 'backfill_retail_pipeline', 'check_raw_count', 'manual__2026-05-04T04:54:24+00:00', '--job-id', '961', '--raw', '--subdir', 'DAGS_FOLDER/backfill_retail_pipeline.py', '--cfg-path', '/tmp/tmpsgliaprq']
[2026-05-04T06:11:20.322+0000] {standard_task_runner.py:85} INFO - Job 961: Subtask check_raw_count
[2026-05-04T06:11:20.343+0000] {task_command.py:415} INFO - Running <TaskInstance: backfill_retail_pipeline.check_raw_count manual__2026-05-04T04:54:24+00:00 [running]> on host c559f315799e
[2026-05-04T06:11:20.373+0000] {taskinstance.py:1660} INFO - Exporting env vars: AIRFLOW_CTX_DAG_OWNER='sorae' AIRFLOW_CTX_DAG_ID='backfill_retail_pipeline' AIRFLOW_CTX_TASK_ID='check_raw_count' AIRFLOW_CTX_EXECUTION_DATE='2026-05-04T04:54:24+00:00' AIRFLOW_CTX_TRY_NUMBER='1' AIRFLOW_CTX_DAG_RUN_ID='manual__2026-05-04T04:54:24+00:00'
[2026-05-04T06:11:20.374+0000] {subprocess.py:63} INFO - Tmp dir root location: /tmp
[2026-05-04T06:11:20.374+0000] {subprocess.py:75} INFO - Running command: ['/bin/bash', '-c', '\ndocker exec *** psql -U *** -d retail_pipeline -c "\nSELECT COUNT(*) AS raw_count\nFROM raw_retail_events\nWHERE invoice_timestamp >= \'2025-12-01 00:00:00\'\n  AND invoice_timestamp <  \'2025-12-31 00:00:00\';\n"']
[2026-05-04T06:11:20.378+0000] {subprocess.py:86} INFO - Output:
[2026-05-04T06:11:20.506+0000] {subprocess.py:93} INFO -  raw_count
[2026-05-04T06:11:20.507+0000] {subprocess.py:93} INFO - -----------
[2026-05-04T06:11:20.507+0000] {subprocess.py:93} INFO -      87000
[2026-05-04T06:11:20.507+0000] {subprocess.py:93} INFO - (1 row)
[2026-05-04T06:11:20.508+0000] {subprocess.py:93} INFO - 
[2026-05-04T06:11:20.516+0000] {subprocess.py:97} INFO - Command exited with return code 0
[2026-05-04T06:11:20.543+0000] {taskinstance.py:1398} INFO - Marking task as SUCCESS. dag_id=backfill_retail_pipeline, task_id=check_raw_count, execution_date=20260504T045424, start_date=20260504T061120, end_date=20260504T061120
[2026-05-04T06:11:20.583+0000] {local_task_job_runner.py:228} INFO - Task exited with return code 0
[2026-05-04T06:11:20.595+0000] {taskinstance.py:2776} INFO - 1 downstream tasks scheduled from follow-on schedule check
