[2026-05-03T15:40:05.494+0000] {taskinstance.py:1157} INFO - Dependencies all met for dep_context=non-requeueable deps ti=<TaskInstance: retail_pipeline.build_dim scheduled__2026-05-02T15:30:00+00:00 [queued]>
[2026-05-03T15:40:05.496+0000] {taskinstance.py:1157} INFO - Dependencies all met for dep_context=requeueable deps ti=<TaskInstance: retail_pipeline.build_dim scheduled__2026-05-02T15:30:00+00:00 [queued]>
[2026-05-03T15:40:05.496+0000] {taskinstance.py:1359} INFO - Starting attempt 3 of 4
[2026-05-03T15:40:05.501+0000] {taskinstance.py:1380} INFO - Executing <Task(BashOperator): build_dim> on 2026-05-02 15:30:00+00:00
[2026-05-03T15:40:05.503+0000] {standard_task_runner.py:57} INFO - Started process 8035 to run task
[2026-05-03T15:40:05.504+0000] {standard_task_runner.py:84} INFO - Running: ['airflow', 'tasks', 'run', 'retail_pipeline', 'build_dim', 'scheduled__2026-05-02T15:30:00+00:00', '--job-id', '836', '--raw', '--subdir', 'DAGS_FOLDER/retail_pipeline_dag.py', '--cfg-path', '/tmp/tmp74ascuhi']
[2026-05-03T15:40:05.505+0000] {standard_task_runner.py:85} INFO - Job 836: Subtask build_dim
[2026-05-03T15:40:05.539+0000] {task_command.py:415} INFO - Running <TaskInstance: retail_pipeline.build_dim scheduled__2026-05-02T15:30:00+00:00 [running]> on host 9402586a9c0f
[2026-05-03T15:40:05.573+0000] {taskinstance.py:1660} INFO - Exporting env vars: AIRFLOW_CTX_DAG_OWNER='sorae' AIRFLOW_CTX_DAG_ID='retail_pipeline' AIRFLOW_CTX_TASK_ID='build_dim' AIRFLOW_CTX_EXECUTION_DATE='2026-05-02T15:30:00+00:00' AIRFLOW_CTX_TRY_NUMBER='3' AIRFLOW_CTX_DAG_RUN_ID='scheduled__2026-05-02T15:30:00+00:00'
[2026-05-03T15:40:05.574+0000] {subprocess.py:63} INFO - Tmp dir root location: /tmp
[2026-05-03T15:40:05.574+0000] {subprocess.py:75} INFO - Running command: ['/bin/bash', '-c', '\n        docker exec spark-master bash -lc \'\n        /opt/bitnami/spark/bin/spark-submit             --master spark://spark-master:7077             --deploy-mode client             /opt/spark-apps/build_dim.py             --start "2026-05-02"             --end "2026-05-03"\n        \'\n    ']
[2026-05-03T15:40:05.578+0000] {subprocess.py:86} INFO - Output:
[2026-05-03T15:40:07.244+0000] {subprocess.py:93} INFO - 26/05/03 15:40:07 INFO SparkContext: Running Spark version 3.4.1
[2026-05-03T15:40:07.254+0000] {subprocess.py:93} INFO - 26/05/03 15:40:07 INFO ResourceUtils: ==============================================================
[2026-05-03T15:40:07.255+0000] {subprocess.py:93} INFO - 26/05/03 15:40:07 INFO ResourceUtils: No custom resources configured for spark.driver.
[2026-05-03T15:40:07.255+0000] {subprocess.py:93} INFO - 26/05/03 15:40:07 INFO ResourceUtils: ==============================================================
[2026-05-03T15:40:07.255+0000] {subprocess.py:93} INFO - 26/05/03 15:40:07 INFO SparkContext: Submitted application: build_dim
[2026-05-03T15:40:07.262+0000] {subprocess.py:93} INFO - 26/05/03 15:40:07 INFO ResourceProfile: Default ResourceProfile created, executor resources: Map(memory -> name: memory, amount: 1024, script: , vendor: , offHeap -> name: offHeap, amount: 0, script: , vendor: ), task resources: Map(cpus -> name: cpus, amount: 1.0)
[2026-05-03T15:40:07.265+0000] {subprocess.py:93} INFO - 26/05/03 15:40:07 INFO ResourceProfile: Limiting resource is cpu
[2026-05-03T15:40:07.265+0000] {subprocess.py:93} INFO - 26/05/03 15:40:07 INFO ResourceProfileManager: Added ResourceProfile id: 0
[2026-05-03T15:40:07.296+0000] {subprocess.py:93} INFO - 26/05/03 15:40:07 INFO SecurityManager: Changing view acls to: spark
[2026-05-03T15:40:07.297+0000] {subprocess.py:93} INFO - 26/05/03 15:40:07 INFO SecurityManager: Changing modify acls to: spark
[2026-05-03T15:40:07.297+0000] {subprocess.py:93} INFO - 26/05/03 15:40:07 INFO SecurityManager: Changing view acls groups to:
[2026-05-03T15:40:07.297+0000] {subprocess.py:93} INFO - 26/05/03 15:40:07 INFO SecurityManager: Changing modify acls groups to:
[2026-05-03T15:40:07.297+0000] {subprocess.py:93} INFO - 26/05/03 15:40:07 INFO SecurityManager: SecurityManager: authentication disabled; ui acls disabled; users with view permissions: spark; groups with view permissions: EMPTY; users with modify permissions: spark; groups with modify permissions: EMPTY
[2026-05-03T15:40:07.327+0000] {subprocess.py:93} INFO - 26/05/03 15:40:07 WARN NativeCodeLoader: Unable to load native-hadoop library for your platform... using builtin-java classes where applicable
[2026-05-03T15:40:07.443+0000] {subprocess.py:93} INFO - 26/05/03 15:40:07 INFO Utils: Successfully started service 'sparkDriver' on port 35925.
[2026-05-03T15:40:07.459+0000] {subprocess.py:93} INFO - 26/05/03 15:40:07 INFO SparkEnv: Registering MapOutputTracker
[2026-05-03T15:40:07.476+0000] {subprocess.py:93} INFO - 26/05/03 15:40:07 INFO SparkEnv: Registering BlockManagerMaster
[2026-05-03T15:40:07.491+0000] {subprocess.py:93} INFO - 26/05/03 15:40:07 INFO BlockManagerMasterEndpoint: Using org.apache.spark.storage.DefaultTopologyMapper for getting topology information
[2026-05-03T15:40:07.492+0000] {subprocess.py:93} INFO - 26/05/03 15:40:07 INFO BlockManagerMasterEndpoint: BlockManagerMasterEndpoint up
[2026-05-03T15:40:07.494+0000] {subprocess.py:93} INFO - 26/05/03 15:40:07 INFO SparkEnv: Registering BlockManagerMasterHeartbeat
[2026-05-03T15:40:07.509+0000] {subprocess.py:93} INFO - 26/05/03 15:40:07 INFO DiskBlockManager: Created local directory at /tmp/blockmgr-a44d56c6-2d9d-4af1-aea6-c302d878b4fd
[2026-05-03T15:40:07.517+0000] {subprocess.py:93} INFO - 26/05/03 15:40:07 INFO MemoryStore: MemoryStore started with capacity 434.4 MiB
[2026-05-03T15:40:07.523+0000] {subprocess.py:93} INFO - 26/05/03 15:40:07 INFO SparkEnv: Registering OutputCommitCoordinator
[2026-05-03T15:40:07.590+0000] {subprocess.py:93} INFO - 26/05/03 15:40:07 INFO JettyUtils: Start Jetty 0.0.0.0:4040 for SparkUI
[2026-05-03T15:40:07.614+0000] {subprocess.py:93} INFO - 26/05/03 15:40:07 WARN Utils: Service 'SparkUI' could not bind on port 4040. Attempting port 4041.
[2026-05-03T15:40:07.614+0000] {subprocess.py:93} INFO - 26/05/03 15:40:07 WARN Utils: Service 'SparkUI' could not bind on port 4041. Attempting port 4042.
[2026-05-03T15:40:07.617+0000] {subprocess.py:93} INFO - 26/05/03 15:40:07 INFO Utils: Successfully started service 'SparkUI' on port 4042.
[2026-05-03T15:40:07.661+0000] {subprocess.py:93} INFO - 26/05/03 15:40:07 INFO StandaloneAppClient$ClientEndpoint: Connecting to master spark://spark-master:7077...
[2026-05-03T15:40:07.689+0000] {subprocess.py:93} INFO - 26/05/03 15:40:07 INFO TransportClientFactory: Successfully created connection to spark-master/172.18.0.3:7077 after 15 ms (0 ms spent in bootstraps)
[2026-05-03T15:40:07.796+0000] {subprocess.py:93} INFO - 26/05/03 15:40:07 INFO StandaloneSchedulerBackend: Connected to Spark cluster with app ID app-20260503154007-0007
[2026-05-03T15:40:07.800+0000] {subprocess.py:93} INFO - 26/05/03 15:40:07 INFO Utils: Successfully started service 'org.apache.spark.network.netty.NettyBlockTransferService' on port 42227.
[2026-05-03T15:40:07.800+0000] {subprocess.py:93} INFO - 26/05/03 15:40:07 INFO NettyBlockTransferService: Server created on c7793fecf0f4:42227
[2026-05-03T15:40:07.801+0000] {subprocess.py:93} INFO - 26/05/03 15:40:07 INFO BlockManager: Using org.apache.spark.storage.RandomBlockReplicationPolicy for block replication policy
[2026-05-03T15:40:07.803+0000] {subprocess.py:93} INFO - 26/05/03 15:40:07 INFO BlockManagerMaster: Registering BlockManager BlockManagerId(driver, c7793fecf0f4, 42227, None)
[2026-05-03T15:40:07.804+0000] {subprocess.py:93} INFO - 26/05/03 15:40:07 INFO BlockManagerMasterEndpoint: Registering block manager c7793fecf0f4:42227 with 434.4 MiB RAM, BlockManagerId(driver, c7793fecf0f4, 42227, None)
[2026-05-03T15:40:07.805+0000] {subprocess.py:93} INFO - 26/05/03 15:40:07 INFO BlockManagerMaster: Registered BlockManager BlockManagerId(driver, c7793fecf0f4, 42227, None)
[2026-05-03T15:40:07.806+0000] {subprocess.py:93} INFO - 26/05/03 15:40:07 INFO BlockManager: Initialized BlockManager: BlockManagerId(driver, c7793fecf0f4, 42227, None)
[2026-05-03T15:40:07.890+0000] {subprocess.py:93} INFO - 26/05/03 15:40:07 INFO StandaloneSchedulerBackend: SchedulerBackend is ready for scheduling beginning after reached minRegisteredResourcesRatio: 0.0
[2026-05-03T15:40:08.335+0000] {subprocess.py:93} INFO - Traceback (most recent call last):
[2026-05-03T15:40:08.336+0000] {subprocess.py:93} INFO -   File "/opt/spark-apps/build_dim.py", line 128, in <module>
[2026-05-03T15:40:08.336+0000] {subprocess.py:93} INFO -     main()
[2026-05-03T15:40:08.336+0000] {subprocess.py:93} INFO -   File "/opt/spark-apps/build_dim.py", line 116, in main
[2026-05-03T15:40:08.336+0000] {subprocess.py:93} INFO -     raw_df = read_raw(spark)
[2026-05-03T15:40:08.336+0000] {subprocess.py:93} INFO -              ^^^^^^^^^^^^^^^
[2026-05-03T15:40:08.336+0000] {subprocess.py:93} INFO -   File "/opt/spark-apps/build_dim.py", line 33, in read_raw
[2026-05-03T15:40:08.336+0000] {subprocess.py:93} INFO -     df = spark.read.jdbc(
[2026-05-03T15:40:08.337+0000] {subprocess.py:93} INFO -          ^^^^^^^^^^^^^^^^
[2026-05-03T15:40:08.337+0000] {subprocess.py:93} INFO -   File "/opt/bitnami/spark/python/lib/pyspark.zip/pyspark/sql/readwriter.py", line 927, in jdbc
[2026-05-03T15:40:08.337+0000] {subprocess.py:93} INFO -   File "/opt/bitnami/spark/python/lib/py4j-0.10.9.7-src.zip/py4j/java_gateway.py", line 1322, in __call__
[2026-05-03T15:40:08.337+0000] {subprocess.py:93} INFO -   File "/opt/bitnami/spark/python/lib/pyspark.zip/pyspark/errors/exceptions/captured.py", line 169, in deco
[2026-05-03T15:40:08.338+0000] {subprocess.py:93} INFO -   File "/opt/bitnami/spark/python/lib/py4j-0.10.9.7-src.zip/py4j/protocol.py", line 326, in get_return_value
[2026-05-03T15:40:08.339+0000] {subprocess.py:93} INFO - py4j.protocol.Py4JJavaError: An error occurred while calling o27.jdbc.
[2026-05-03T15:40:08.339+0000] {subprocess.py:93} INFO - : java.lang.ClassNotFoundException: org.***ql.Driver
[2026-05-03T15:40:08.339+0000] {subprocess.py:93} INFO - 	at java.base/java.net.URLClassLoader.findClass(URLClassLoader.java:445)
[2026-05-03T15:40:08.339+0000] {subprocess.py:93} INFO - 	at java.base/java.lang.ClassLoader.loadClass(ClassLoader.java:592)
[2026-05-03T15:40:08.339+0000] {subprocess.py:93} INFO - 	at java.base/java.lang.ClassLoader.loadClass(ClassLoader.java:525)
[2026-05-03T15:40:08.339+0000] {subprocess.py:93} INFO - 	at org.apache.spark.sql.execution.datasources.jdbc.DriverRegistry$.register(DriverRegistry.scala:46)
[2026-05-03T15:40:08.339+0000] {subprocess.py:93} INFO - 	at org.apache.spark.sql.execution.datasources.jdbc.JDBCOptions.$anonfun$driverClass$1(JDBCOptions.scala:103)
[2026-05-03T15:40:08.339+0000] {subprocess.py:93} INFO - 	at org.apache.spark.sql.execution.datasources.jdbc.JDBCOptions.$anonfun$driverClass$1$adapted(JDBCOptions.scala:103)
[2026-05-03T15:40:08.340+0000] {subprocess.py:93} INFO - 	at scala.Option.foreach(Option.scala:407)
[2026-05-03T15:40:08.340+0000] {subprocess.py:93} INFO - 	at org.apache.spark.sql.execution.datasources.jdbc.JDBCOptions.<init>(JDBCOptions.scala:103)
[2026-05-03T15:40:08.340+0000] {subprocess.py:93} INFO - 	at org.apache.spark.sql.execution.datasources.jdbc.JDBCOptions.<init>(JDBCOptions.scala:41)
[2026-05-03T15:40:08.340+0000] {subprocess.py:93} INFO - 	at org.apache.spark.sql.execution.datasources.jdbc.JdbcRelationProvider.createRelation(JdbcRelationProvider.scala:34)
[2026-05-03T15:40:08.340+0000] {subprocess.py:93} INFO - 	at org.apache.spark.sql.execution.datasources.DataSource.resolveRelation(DataSource.scala:346)
[2026-05-03T15:40:08.340+0000] {subprocess.py:93} INFO - 	at org.apache.spark.sql.DataFrameReader.loadV1Source(DataFrameReader.scala:229)
[2026-05-03T15:40:08.340+0000] {subprocess.py:93} INFO - 	at org.apache.spark.sql.DataFrameReader.$anonfun$load$2(DataFrameReader.scala:211)
[2026-05-03T15:40:08.340+0000] {subprocess.py:93} INFO - 	at scala.Option.getOrElse(Option.scala:189)
[2026-05-03T15:40:08.340+0000] {subprocess.py:93} INFO - 	at org.apache.spark.sql.DataFrameReader.load(DataFrameReader.scala:211)
[2026-05-03T15:40:08.340+0000] {subprocess.py:93} INFO - 	at org.apache.spark.sql.DataFrameReader.load(DataFrameReader.scala:172)
[2026-05-03T15:40:08.341+0000] {subprocess.py:93} INFO - 	at org.apache.spark.sql.DataFrameReader.jdbc(DataFrameReader.scala:249)
[2026-05-03T15:40:08.341+0000] {subprocess.py:93} INFO - 	at java.base/jdk.internal.reflect.NativeMethodAccessorImpl.invoke0(Native Method)
[2026-05-03T15:40:08.341+0000] {subprocess.py:93} INFO - 	at java.base/jdk.internal.reflect.NativeMethodAccessorImpl.invoke(NativeMethodAccessorImpl.java:77)
[2026-05-03T15:40:08.341+0000] {subprocess.py:93} INFO - 	at java.base/jdk.internal.reflect.DelegatingMethodAccessorImpl.invoke(DelegatingMethodAccessorImpl.java:43)
[2026-05-03T15:40:08.341+0000] {subprocess.py:93} INFO - 	at java.base/java.lang.reflect.Method.invoke(Method.java:568)
[2026-05-03T15:40:08.341+0000] {subprocess.py:93} INFO - 	at py4j.reflection.MethodInvoker.invoke(MethodInvoker.java:244)
[2026-05-03T15:40:08.341+0000] {subprocess.py:93} INFO - 	at py4j.reflection.ReflectionEngine.invoke(ReflectionEngine.java:374)
[2026-05-03T15:40:08.341+0000] {subprocess.py:93} INFO - 	at py4j.Gateway.invoke(Gateway.java:282)
[2026-05-03T15:40:08.341+0000] {subprocess.py:93} INFO - 	at py4j.commands.AbstractCommand.invokeMethod(AbstractCommand.java:132)
[2026-05-03T15:40:08.342+0000] {subprocess.py:93} INFO - 	at py4j.commands.CallCommand.execute(CallCommand.java:79)
[2026-05-03T15:40:08.342+0000] {subprocess.py:93} INFO - 	at py4j.ClientServerConnection.waitForCommands(ClientServerConnection.java:182)
[2026-05-03T15:40:08.342+0000] {subprocess.py:93} INFO - 	at py4j.ClientServerConnection.run(ClientServerConnection.java:106)
[2026-05-03T15:40:08.342+0000] {subprocess.py:93} INFO - 	at java.base/java.lang.Thread.run(Thread.java:840)
[2026-05-03T15:40:08.342+0000] {subprocess.py:93} INFO - 
[2026-05-03T15:40:08.412+0000] {subprocess.py:97} INFO - Command exited with return code 1
[2026-05-03T15:40:08.428+0000] {taskinstance.py:1935} ERROR - Task failed with exception
Traceback (most recent call last):
  File "/home/airflow/.local/lib/python3.8/site-packages/airflow/operators/bash.py", line 210, in execute
    raise AirflowException(
airflow.exceptions.AirflowException: Bash command failed. The command returned a non-zero exit code 1.
[2026-05-03T15:40:08.429+0000] {taskinstance.py:1398} INFO - Marking task as UP_FOR_RETRY. dag_id=retail_pipeline, task_id=build_dim, execution_date=20260502T153000, start_date=20260503T154005, end_date=20260503T154008
[2026-05-03T15:40:08.435+0000] {standard_task_runner.py:104} ERROR - Failed to execute job 836 for task build_dim (Bash command failed. The command returned a non-zero exit code 1.; 8035)
[2026-05-03T15:40:08.470+0000] {local_task_job_runner.py:228} INFO - Task exited with return code 1
[2026-05-03T15:40:08.483+0000] {taskinstance.py:2776} INFO - 0 downstream tasks scheduled from follow-on schedule check
