[2026-05-03T09:16:08.870+0000] {taskinstance.py:1157} INFO - Dependencies all met for dep_context=non-requeueable deps ti=<TaskInstance: setup_retail_pipeline.run_collector scheduled__2026-05-03T08:00:00+00:00 [queued]>
[2026-05-03T09:16:08.873+0000] {taskinstance.py:1157} INFO - Dependencies all met for dep_context=requeueable deps ti=<TaskInstance: setup_retail_pipeline.run_collector scheduled__2026-05-03T08:00:00+00:00 [queued]>
[2026-05-03T09:16:08.873+0000] {taskinstance.py:1359} INFO - Starting attempt 1 of 4
[2026-05-03T09:16:08.877+0000] {taskinstance.py:1380} INFO - Executing <Task(BashOperator): run_collector> on 2026-05-03 08:00:00+00:00
[2026-05-03T09:16:08.878+0000] {standard_task_runner.py:57} INFO - Started process 237 to run task
[2026-05-03T09:16:08.879+0000] {standard_task_runner.py:84} INFO - Running: ['airflow', 'tasks', 'run', 'setup_retail_pipeline', 'run_collector', 'scheduled__2026-05-03T08:00:00+00:00', '--job-id', '780', '--raw', '--subdir', 'DAGS_FOLDER/setup_retail_pipeline.py', '--cfg-path', '/tmp/tmppqsitb45']
[2026-05-03T09:16:08.881+0000] {standard_task_runner.py:85} INFO - Job 780: Subtask run_collector
[2026-05-03T09:16:08.899+0000] {task_command.py:415} INFO - Running <TaskInstance: setup_retail_pipeline.run_collector scheduled__2026-05-03T08:00:00+00:00 [running]> on host dbd21663b33d
[2026-05-03T09:16:08.928+0000] {taskinstance.py:1660} INFO - Exporting env vars: AIRFLOW_CTX_DAG_OWNER='sorae' AIRFLOW_CTX_DAG_ID='setup_retail_pipeline' AIRFLOW_CTX_TASK_ID='run_collector' AIRFLOW_CTX_EXECUTION_DATE='2026-05-03T08:00:00+00:00' AIRFLOW_CTX_TRY_NUMBER='1' AIRFLOW_CTX_DAG_RUN_ID='scheduled__2026-05-03T08:00:00+00:00'
[2026-05-03T09:16:08.928+0000] {subprocess.py:63} INFO - Tmp dir root location: /tmp
[2026-05-03T09:16:08.928+0000] {subprocess.py:75} INFO - Running command: ['/bin/bash', '-c', "\n            cd /opt/retail-pipeline && docker-compose run --rm --no-deps             -e TARGET_START='2026-05-03 08:00:00'             -e TARGET_END='2026-05-03 09:00:00'             collector\n        "]
[2026-05-03T09:16:08.932+0000] {subprocess.py:86} INFO - Output:
[2026-05-03T09:16:09.044+0000] {subprocess.py:93} INFO -  Network retail-pipeline_kafka-network  Creating
[2026-05-03T09:16:09.060+0000] {subprocess.py:93} INFO -  Network retail-pipeline_kafka-network  Created
[2026-05-03T09:16:09.063+0000] {subprocess.py:93} INFO -  Volume "retail-pipeline_***-data"  Creating
[2026-05-03T09:16:09.065+0000] {subprocess.py:93} INFO -  Volume "retail-pipeline_***-data"  Created
[2026-05-03T09:16:09.287+0000] {subprocess.py:93} INFO - #0 building with "default" instance using docker driver
[2026-05-03T09:16:09.288+0000] {subprocess.py:93} INFO - 
[2026-05-03T09:16:09.288+0000] {subprocess.py:93} INFO - #1 [collector internal] load build definition from Dockerfile.collector
[2026-05-03T09:16:09.288+0000] {subprocess.py:93} INFO - #1 transferring dockerfile: 250B done
[2026-05-03T09:16:09.288+0000] {subprocess.py:93} INFO - #1 DONE 0.0s
[2026-05-03T09:16:09.288+0000] {subprocess.py:93} INFO - 
[2026-05-03T09:16:09.288+0000] {subprocess.py:93} INFO - #2 [collector internal] load metadata for docker.io/library/python:3.9-slim
[2026-05-03T09:16:10.141+0000] {subprocess.py:93} INFO - #2 DONE 1.0s
[2026-05-03T09:16:10.169+0000] {subprocess.py:93} INFO - 
[2026-05-03T09:16:10.170+0000] {subprocess.py:93} INFO - #3 [collector internal] load .dockerignore
[2026-05-03T09:16:10.170+0000] {subprocess.py:93} INFO - #3 transferring context: 2B done
[2026-05-03T09:16:10.170+0000] {subprocess.py:93} INFO - #3 DONE 0.0s
[2026-05-03T09:16:10.170+0000] {subprocess.py:93} INFO - 
[2026-05-03T09:16:10.170+0000] {subprocess.py:93} INFO - #4 [collector 1/4] FROM docker.io/library/python:3.9-slim@sha256:2d97f6910b16bd338d3060f261f53f144965f755599aab1acda1e13cf1731b1b
[2026-05-03T09:16:10.171+0000] {subprocess.py:93} INFO - #4 DONE 0.0s
[2026-05-03T09:16:10.171+0000] {subprocess.py:93} INFO - 
[2026-05-03T09:16:10.171+0000] {subprocess.py:93} INFO - #5 [collector internal] load build context
[2026-05-03T09:16:10.171+0000] {subprocess.py:93} INFO - #5 transferring context: 153B done
[2026-05-03T09:16:10.171+0000] {subprocess.py:93} INFO - #5 DONE 0.0s
[2026-05-03T09:16:10.171+0000] {subprocess.py:93} INFO - 
[2026-05-03T09:16:10.171+0000] {subprocess.py:93} INFO - #6 [collector 2/4] WORKDIR /app
[2026-05-03T09:16:10.171+0000] {subprocess.py:93} INFO - #6 CACHED
[2026-05-03T09:16:10.171+0000] {subprocess.py:93} INFO - 
[2026-05-03T09:16:10.171+0000] {subprocess.py:93} INFO - #7 [collector 3/4] COPY requirements.collector.txt /tmp/requirements.collector.txt
[2026-05-03T09:16:10.171+0000] {subprocess.py:93} INFO - #7 CACHED
[2026-05-03T09:16:10.171+0000] {subprocess.py:93} INFO - 
[2026-05-03T09:16:10.171+0000] {subprocess.py:93} INFO - #8 [collector 4/4] RUN pip install --no-cache-dir -r /tmp/requirements.collector.txt
[2026-05-03T09:16:10.171+0000] {subprocess.py:93} INFO - #8 CACHED
[2026-05-03T09:16:10.171+0000] {subprocess.py:93} INFO - 
[2026-05-03T09:16:10.172+0000] {subprocess.py:93} INFO - #9 [collector] exporting to image
[2026-05-03T09:16:10.172+0000] {subprocess.py:93} INFO - #9 exporting layers done
[2026-05-03T09:16:10.172+0000] {subprocess.py:93} INFO - #9 writing image sha256:3f32c5b6746acf00dfea6bbb10774311a9aa8f745cc0f7a9c47d2f2aaea49d36 done
[2026-05-03T09:16:10.172+0000] {subprocess.py:93} INFO - #9 naming to docker.io/library/retail-pipeline-collector done
[2026-05-03T09:16:10.172+0000] {subprocess.py:93} INFO - #9 DONE 0.0s
[2026-05-03T09:16:10.172+0000] {subprocess.py:93} INFO - time="2026-05-03T09:16:09Z" level=warning msg="current commit information was not captured by the build" error="git was not found in the system: exec: \"git\": executable file not found in $PATH"
[2026-05-03T09:16:10.323+0000] {subprocess.py:93} INFO - Error response from daemon: mounts denied:
[2026-05-03T09:16:10.324+0000] {subprocess.py:93} INFO - The path /opt/retail-pipeline is not shared from the host and is not known to Docker.
[2026-05-03T09:16:10.324+0000] {subprocess.py:93} INFO - You can configure shared paths from Docker -> Preferences... -> Resources -> File Sharing.
[2026-05-03T09:16:10.324+0000] {subprocess.py:93} INFO - See https://docs.docker.com/go/mac-file-sharing/ for more info.
[2026-05-03T09:16:10.324+0000] {subprocess.py:97} INFO - Command exited with return code 1
[2026-05-03T09:16:10.331+0000] {taskinstance.py:1935} ERROR - Task failed with exception
Traceback (most recent call last):
  File "/home/airflow/.local/lib/python3.8/site-packages/airflow/operators/bash.py", line 210, in execute
    raise AirflowException(
airflow.exceptions.AirflowException: Bash command failed. The command returned a non-zero exit code 1.
[2026-05-03T09:16:10.332+0000] {taskinstance.py:1398} INFO - Marking task as UP_FOR_RETRY. dag_id=setup_retail_pipeline, task_id=run_collector, execution_date=20260503T080000, start_date=20260503T091608, end_date=20260503T091610
[2026-05-03T09:16:10.339+0000] {standard_task_runner.py:104} ERROR - Failed to execute job 780 for task run_collector (Bash command failed. The command returned a non-zero exit code 1.; 237)
[2026-05-03T09:16:10.373+0000] {local_task_job_runner.py:228} INFO - Task exited with return code 1
[2026-05-03T09:16:10.383+0000] {taskinstance.py:2776} INFO - 0 downstream tasks scheduled from follow-on schedule check
