[2026-05-04T02:07:07.317+0000] {taskinstance.py:1157} INFO - Dependencies all met for dep_context=non-requeueable deps ti=<TaskInstance: setup_retail_pipeline.create_kafka_topic scheduled__2026-05-04T01:00:00+00:00 [queued]>
[2026-05-04T02:07:07.319+0000] {taskinstance.py:1157} INFO - Dependencies all met for dep_context=requeueable deps ti=<TaskInstance: setup_retail_pipeline.create_kafka_topic scheduled__2026-05-04T01:00:00+00:00 [queued]>
[2026-05-04T02:07:07.320+0000] {taskinstance.py:1359} INFO - Starting attempt 2 of 4
[2026-05-04T02:07:07.324+0000] {taskinstance.py:1380} INFO - Executing <Task(BashOperator): create_kafka_topic> on 2026-05-04 01:00:00+00:00
[2026-05-04T02:07:07.326+0000] {standard_task_runner.py:57} INFO - Started process 10713 to run task
[2026-05-04T02:07:07.328+0000] {standard_task_runner.py:84} INFO - Running: ['airflow', 'tasks', 'run', 'setup_retail_pipeline', 'create_kafka_topic', 'scheduled__2026-05-04T01:00:00+00:00', '--job-id', '918', '--raw', '--subdir', 'DAGS_FOLDER/setup_retail_pipeline.py', '--cfg-path', '/tmp/tmpzvpjh_nk']
[2026-05-04T02:07:07.329+0000] {standard_task_runner.py:85} INFO - Job 918: Subtask create_kafka_topic
[2026-05-04T02:07:07.357+0000] {task_command.py:415} INFO - Running <TaskInstance: setup_retail_pipeline.create_kafka_topic scheduled__2026-05-04T01:00:00+00:00 [running]> on host 9402586a9c0f
[2026-05-04T02:07:07.391+0000] {taskinstance.py:1660} INFO - Exporting env vars: AIRFLOW_CTX_DAG_OWNER='sorae' AIRFLOW_CTX_DAG_ID='setup_retail_pipeline' AIRFLOW_CTX_TASK_ID='create_kafka_topic' AIRFLOW_CTX_EXECUTION_DATE='2026-05-04T01:00:00+00:00' AIRFLOW_CTX_TRY_NUMBER='2' AIRFLOW_CTX_DAG_RUN_ID='scheduled__2026-05-04T01:00:00+00:00'
[2026-05-04T02:07:07.391+0000] {subprocess.py:63} INFO - Tmp dir root location: /tmp
[2026-05-04T02:07:07.392+0000] {subprocess.py:75} INFO - Running command: ['/bin/bash', '-c', '\n        docker exec kafka kafka-topics         --bootstrap-server localhost:29092         --create         --if-not-exists         --topic retail-events         --partitions 1         --replication-factor 1\n        ']
[2026-05-04T02:07:07.396+0000] {subprocess.py:86} INFO - Output:
[2026-05-04T02:07:07.443+0000] {subprocess.py:93} INFO - Error response from daemon: container c44d8eb453645787da11818c9b2f7a02c3fac0634bb927e1b324b7162946ef53 is not running
[2026-05-04T02:07:07.445+0000] {subprocess.py:97} INFO - Command exited with return code 1
[2026-05-04T02:07:07.451+0000] {taskinstance.py:1935} ERROR - Task failed with exception
Traceback (most recent call last):
  File "/home/airflow/.local/lib/python3.8/site-packages/airflow/operators/bash.py", line 210, in execute
    raise AirflowException(
airflow.exceptions.AirflowException: Bash command failed. The command returned a non-zero exit code 1.
[2026-05-04T02:07:07.452+0000] {taskinstance.py:1398} INFO - Marking task as UP_FOR_RETRY. dag_id=setup_retail_pipeline, task_id=create_kafka_topic, execution_date=20260504T010000, start_date=20260504T020707, end_date=20260504T020707
[2026-05-04T02:07:07.456+0000] {standard_task_runner.py:104} ERROR - Failed to execute job 918 for task create_kafka_topic (Bash command failed. The command returned a non-zero exit code 1.; 10713)
[2026-05-04T02:07:07.470+0000] {local_task_job_runner.py:228} INFO - Task exited with return code 1
[2026-05-04T02:07:07.481+0000] {taskinstance.py:2776} INFO - 0 downstream tasks scheduled from follow-on schedule check
