[2026-05-04T06:00:31.855+0000] {taskinstance.py:1157} INFO - Dependencies all met for dep_context=non-requeueable deps ti=<TaskInstance: setup_retail_pipeline.check_raw_count scheduled__2026-05-04T05:00:00+00:00 [queued]>
[2026-05-04T06:00:31.858+0000] {taskinstance.py:1157} INFO - Dependencies all met for dep_context=requeueable deps ti=<TaskInstance: setup_retail_pipeline.check_raw_count scheduled__2026-05-04T05:00:00+00:00 [queued]>
[2026-05-04T06:00:31.858+0000] {taskinstance.py:1359} INFO - Starting attempt 1 of 4
[2026-05-04T06:00:31.863+0000] {taskinstance.py:1380} INFO - Executing <Task(BashOperator): check_raw_count> on 2026-05-04 05:00:00+00:00
[2026-05-04T06:00:31.865+0000] {standard_task_runner.py:57} INFO - Started process 6246 to run task
[2026-05-04T06:00:31.866+0000] {standard_task_runner.py:84} INFO - Running: ['airflow', 'tasks', 'run', 'setup_retail_pipeline', 'check_raw_count', 'scheduled__2026-05-04T05:00:00+00:00', '--job-id', '960', '--raw', '--subdir', 'DAGS_FOLDER/setup_retail_pipeline.py', '--cfg-path', '/tmp/tmpu8wfv1uk']
[2026-05-04T06:00:31.868+0000] {standard_task_runner.py:85} INFO - Job 960: Subtask check_raw_count
[2026-05-04T06:00:31.902+0000] {task_command.py:415} INFO - Running <TaskInstance: setup_retail_pipeline.check_raw_count scheduled__2026-05-04T05:00:00+00:00 [running]> on host c559f315799e
[2026-05-04T06:00:31.947+0000] {taskinstance.py:1660} INFO - Exporting env vars: AIRFLOW_CTX_DAG_OWNER='sorae' AIRFLOW_CTX_DAG_ID='setup_retail_pipeline' AIRFLOW_CTX_TASK_ID='check_raw_count' AIRFLOW_CTX_EXECUTION_DATE='2026-05-04T05:00:00+00:00' AIRFLOW_CTX_TRY_NUMBER='1' AIRFLOW_CTX_DAG_RUN_ID='scheduled__2026-05-04T05:00:00+00:00'
[2026-05-04T06:00:31.948+0000] {subprocess.py:63} INFO - Tmp dir root location: /tmp
[2026-05-04T06:00:31.949+0000] {subprocess.py:75} INFO - Running command: ['/bin/bash', '-c', '\n        docker exec *** psql -U *** -d retail_pipeline -c "\n        SELECT COUNT(*) AS interval_count\n        FROM raw_retail_events\n        WHERE invoice_timestamp >= \'2026-05-04 14:00:00\'\n          AND invoice_timestamp <  \'2026-05-04 15:00:00\';\n        "\n        ']
[2026-05-04T06:00:31.952+0000] {subprocess.py:86} INFO - Output:
[2026-05-04T06:00:32.098+0000] {subprocess.py:93} INFO -  interval_count
[2026-05-04T06:00:32.098+0000] {subprocess.py:93} INFO - ----------------
[2026-05-04T06:00:32.099+0000] {subprocess.py:93} INFO -             111
[2026-05-04T06:00:32.099+0000] {subprocess.py:93} INFO - (1 row)
[2026-05-04T06:00:32.099+0000] {subprocess.py:93} INFO - 
[2026-05-04T06:00:32.102+0000] {subprocess.py:97} INFO - Command exited with return code 0
[2026-05-04T06:00:32.115+0000] {taskinstance.py:1398} INFO - Marking task as SUCCESS. dag_id=setup_retail_pipeline, task_id=check_raw_count, execution_date=20260504T050000, start_date=20260504T060031, end_date=20260504T060032
[2026-05-04T06:00:32.128+0000] {local_task_job_runner.py:228} INFO - Task exited with return code 0
[2026-05-04T06:00:32.139+0000] {taskinstance.py:2776} INFO - 0 downstream tasks scheduled from follow-on schedule check
